  pch.cpp
  Note: including file: C:\repos\Dawn-of-war-overdrive-performance\GDI HOOKING DLL\pch.h
  Note: including file:  C:\repos\Dawn-of-war-overdrive-performance\GDI HOOKING DLL\framework.h
  Note: including file:   C:\Program Files (x86)\Windows Kits\10\Include\10.0.22621.0\um\windows.h
  Note: including file:    C:\Program Files (x86)\Windows Kits\10\Include\10.0.22621.0\shared\winapifamily.h
  Note: including file:     C:\Program Files (x86)\Windows Kits\10\Include\10.0.22621.0\shared\winpackagefamily.h
  Note: including file:    C:\Program Files (x86)\Windows Kits\10\Include\10.0.22621.0\shared\sdkddkver.h
  Note: including file:    C:\Program Files\Microsoft Visual Studio\2022\Community\VC\Tools\MSVC\14.36.32532\include\excpt.h
  Note: including file:     C:\Program Files\Microsoft Visual Studio\2022\Community\VC\Tools\MSVC\14.36.32532\include\vcruntime.h
  Note: including file:      C:\Program Files\Microsoft Visual Studio\2022\Community\VC\Tools\MSVC\14.36.32532\include\sal.h
  Note: including file:       C:\Program Files\Microsoft Visual Studio\2022\Community\VC\Tools\MSVC\14.36.32532\include\concurrencysal.h
  Note: including file:      C:\Program Files\Microsoft Visual Studio\2022\Community\VC\Tools\MSVC\14.36.32532\include\vadefs.h
  Note: including file:    C:\Program Files\Microsoft Visual Studio\2022\Community\VC\Tools\MSVC\14.36.32532\include\stdarg.h
  Note: including file:    C:\Program Files (x86)\Windows Kits\10\Include\10.0.22621.0\shared\windef.h
  Note: including file:     C:\Program Files (x86)\Windows Kits\10\Include\10.0.22621.0\shared\minwindef.h
  Note: including file:      C:\Program Files (x86)\Windows Kits\10\Include\10.0.22621.0\shared\specstrings.h
  Note: including file:       C:\Program Files (x86)\Windows Kits\10\Include\10.0.22621.0\shared\specstrings_strict.h
  Note: including file:        C:\Program Files (x86)\Windows Kits\10\Include\10.0.22621.0\shared\specstrings_undef.h
  Note: including file:       C:\Program Files (x86)\Windows Kits\10\Include\10.0.22621.0\shared\driverspecs.h
  Note: including file:        C:\Program Files (x86)\Windows Kits\10\Include\10.0.22621.0\shared\sdv_driverspecs.h
  Note: including file:      C:\Program Files (x86)\Windows Kits\10\Include\10.0.22621.0\um\winnt.h
  Note: including file:       C:\Program Files (x86)\Windows Kits\10\Include\10.0.22621.0\ucrt\ctype.h
  Note: including file:        C:\Program Files (x86)\Windows Kits\10\Include\10.0.22621.0\ucrt\corecrt.h
  Note: including file:        C:\Program Files (x86)\Windows Kits\10\Include\10.0.22621.0\ucrt\corecrt_wctype.h
  Note: including file:       C:\Program Files (x86)\Windows Kits\10\Include\10.0.22621.0\shared\kernelspecs.h
  Note: including file:       C:\Program Files (x86)\Windows Kits\10\Include\10.0.22621.0\shared\basetsd.h
  Note: including file:       C:\Program Files (x86)\Windows Kits\10\Include\10.0.22621.0\shared\guiddef.h
  Note: including file:        C:\Program Files (x86)\Windows Kits\10\Include\10.0.22621.0\ucrt\string.h
  Note: including file:         C:\Program Files (x86)\Windows Kits\10\Include\10.0.22621.0\ucrt\corecrt_memory.h
  Note: including file:          C:\Program Files (x86)\Windows Kits\10\Include\10.0.22621.0\ucrt\corecrt_memcpy_s.h
  Note: including file:           C:\Program Files (x86)\Windows Kits\10\Include\10.0.22621.0\ucrt\errno.h
  Note: including file:           C:\Program Files\Microsoft Visual Studio\2022\Community\VC\Tools\MSVC\14.36.32532\include\vcruntime_string.h
  Note: including file:         C:\Program Files (x86)\Windows Kits\10\Include\10.0.22621.0\ucrt\corecrt_wstring.h
  Note: including file:       C:\Program Files (x86)\Windows Kits\10\Include\10.0.22621.0\shared\pshpack4.h
  Note: including file:       C:\Program Files (x86)\Windows Kits\10\Include\10.0.22621.0\shared\poppack.h
  Note: including file:       C:\Program Files (x86)\Windows Kits\10\Include\10.0.22621.0\shared\pshpack4.h
  Note: including file:       C:\Program Files (x86)\Windows Kits\10\Include\10.0.22621.0\shared\poppack.h
  Note: including file:       C:\Program Files (x86)\Windows Kits\10\Include\10.0.22621.0\shared\pshpack4.h
  Note: including file:       C:\Program Files (x86)\Windows Kits\10\Include\10.0.22621.0\shared\poppack.h
  Note: including file:       C:\Program Files (x86)\Windows Kits\10\Include\10.0.22621.0\shared\pshpack4.h
  Note: including file:       C:\Program Files (x86)\Windows Kits\10\Include\10.0.22621.0\shared\pshpack2.h
  Note: including file:       C:\Program Files (x86)\Windows Kits\10\Include\10.0.22621.0\shared\poppack.h
  Note: including file:       C:\Program Files (x86)\Windows Kits\10\Include\10.0.22621.0\shared\pshpack2.h
  Note: including file:       C:\Program Files (x86)\Windows Kits\10\Include\10.0.22621.0\shared\pshpack2.h
  Note: including file:       C:\Program Files (x86)\Windows Kits\10\Include\10.0.22621.0\shared\poppack.h
  Note: including file:       C:\Program Files (x86)\Windows Kits\10\Include\10.0.22621.0\shared\poppack.h
  Note: including file:       C:\Program Files (x86)\Windows Kits\10\Include\10.0.22621.0\shared\pshpack8.h
  Note: including file:       C:\Program Files (x86)\Windows Kits\10\Include\10.0.22621.0\shared\poppack.h
  Note: including file:       C:\Program Files (x86)\Windows Kits\10\Include\10.0.22621.0\shared\pshpack1.h
  Note: including file:       C:\Program Files (x86)\Windows Kits\10\Include\10.0.22621.0\shared\poppack.h
  Note: including file:       C:\Program Files (x86)\Windows Kits\10\Include\10.0.22621.0\shared\pshpack1.h
  Note: including file:       C:\Program Files (x86)\Windows Kits\10\Include\10.0.22621.0\shared\poppack.h
  Note: including file:       C:\Program Files (x86)\Windows Kits\10\Include\10.0.22621.0\shared\poppack.h
  Note: including file:       C:\Program Files (x86)\Windows Kits\10\Include\10.0.22621.0\shared\apiset.h
  Note: including file:       C:\Program Files (x86)\Windows Kits\10\Include\10.0.22621.0\shared\ktmtypes.h
  Note: including file:    C:\Program Files (x86)\Windows Kits\10\Include\10.0.22621.0\um\winbase.h
  Note: including file:     C:\Program Files (x86)\Windows Kits\10\Include\10.0.22621.0\shared\apisetcconv.h
  Note: including file:     C:\Program Files (x86)\Windows Kits\10\Include\10.0.22621.0\um\minwinbase.h
  Note: including file:     C:\Program Files (x86)\Windows Kits\10\Include\10.0.22621.0\um\apiquery2.h
  Note: including file:     C:\Program Files (x86)\Windows Kits\10\Include\10.0.22621.0\um\processenv.h
  Note: including file:     C:\Program Files (x86)\Windows Kits\10\Include\10.0.22621.0\um\fileapifromapp.h
  Note: including file:      C:\Program Files (x86)\Windows Kits\10\Include\10.0.22621.0\um\fileapi.h
  Note: including file:     C:\Program Files (x86)\Windows Kits\10\Include\10.0.22621.0\um\debugapi.h
  Note: including file:     C:\Program Files (x86)\Windows Kits\10\Include\10.0.22621.0\um\utilapiset.h
  Note: including file:     C:\Program Files (x86)\Windows Kits\10\Include\10.0.22621.0\um\handleapi.h
  Note: including file:     C:\Program Files (x86)\Windows Kits\10\Include\10.0.22621.0\um\errhandlingapi.h
  Note: including file:     C:\Program Files (x86)\Windows Kits\10\Include\10.0.22621.0\um\fibersapi.h
  Note: including file:     C:\Program Files (x86)\Windows Kits\10\Include\10.0.22621.0\um\namedpipeapi.h
  Note: including file:     C:\Program Files (x86)\Windows Kits\10\Include\10.0.22621.0\um\profileapi.h
  Note: including file:     C:\Program Files (x86)\Windows Kits\10\Include\10.0.22621.0\um\heapapi.h
  Note: including file:     C:\Program Files (x86)\Windows Kits\10\Include\10.0.22621.0\um\ioapiset.h
  Note: including file:     C:\Program Files (x86)\Windows Kits\10\Include\10.0.22621.0\um\synchapi.h
  Note: including file:     C:\Program Files (x86)\Windows Kits\10\Include\10.0.22621.0\um\interlockedapi.h
  Note: including file:     C:\Program Files (x86)\Windows Kits\10\Include\10.0.22621.0\um\processthreadsapi.h
  Note: including file:     C:\Program Files (x86)\Windows Kits\10\Include\10.0.22621.0\um\sysinfoapi.h
  Note: including file:     C:\Program Files (x86)\Windows Kits\10\Include\10.0.22621.0\um\memoryapi.h
  Note: including file:     C:\Program Files (x86)\Windows Kits\10\Include\10.0.22621.0\um\enclaveapi.h
  Note: including file:     C:\Program Files (x86)\Windows Kits\10\Include\10.0.22621.0\um\threadpoollegacyapiset.h
  Note: including file:     C:\Program Files (x86)\Windows Kits\10\Include\10.0.22621.0\um\threadpoolapiset.h
  Note: including file:     C:\Program Files (x86)\Windows Kits\10\Include\10.0.22621.0\um\jobapi.h
  Note: including file:     C:\Program Files (x86)\Windows Kits\10\Include\10.0.22621.0\um\jobapi2.h
  Note: including file:     C:\Program Files (x86)\Windows Kits\10\Include\10.0.22621.0\um\wow64apiset.h
  Note: including file:     C:\Program Files (x86)\Windows Kits\10\Include\10.0.22621.0\um\libloaderapi.h
  Note: including file:     C:\Program Files (x86)\Windows Kits\10\Include\10.0.22621.0\um\securitybaseapi.h
  Note: including file:     C:\Program Files (x86)\Windows Kits\10\Include\10.0.22621.0\um\namespaceapi.h
  Note: including file:     C:\Program Files (x86)\Windows Kits\10\Include\10.0.22621.0\um\systemtopologyapi.h
  Note: including file:     C:\Program Files (x86)\Windows Kits\10\Include\10.0.22621.0\um\processtopologyapi.h
  Note: including file:     C:\Program Files (x86)\Windows Kits\10\Include\10.0.22621.0\um\securityappcontainer.h
  Note: including file:     C:\Program Files (x86)\Windows Kits\10\Include\10.0.22621.0\um\realtimeapiset.h
  Note: including file:     C:\Program Files (x86)\Windows Kits\10\Include\10.0.22621.0\shared\winerror.h
  Note: including file:     C:\Program Files (x86)\Windows Kits\10\Include\10.0.22621.0\um\timezoneapi.h
  Note: including file:    C:\Program Files (x86)\Windows Kits\10\Include\10.0.22621.0\um\wingdi.h
  Note: including file:     C:\Program Files (x86)\Windows Kits\10\Include\10.0.22621.0\shared\pshpack1.h
  Note: including file:     C:\Program Files (x86)\Windows Kits\10\Include\10.0.22621.0\shared\poppack.h
  Note: including file:     C:\Program Files (x86)\Windows Kits\10\Include\10.0.22621.0\shared\pshpack2.h
  Note: including file:     C:\Program Files (x86)\Windows Kits\10\Include\10.0.22621.0\shared\poppack.h
  Note: including file:     C:\Program Files (x86)\Windows Kits\10\Include\10.0.22621.0\shared\pshpack2.h
  Note: including file:     C:\Program Files (x86)\Windows Kits\10\Include\10.0.22621.0\shared\poppack.h
  Note: including file:     C:\Program Files (x86)\Windows Kits\10\Include\10.0.22621.0\shared\pshpack4.h
  Note: including file:     C:\Program Files (x86)\Windows Kits\10\Include\10.0.22621.0\shared\poppack.h
  Note: including file:     C:\Program Files (x86)\Windows Kits\10\Include\10.0.22621.0\shared\pshpack4.h
  Note: including file:     C:\Program Files (x86)\Windows Kits\10\Include\10.0.22621.0\shared\poppack.h
  Note: including file:    C:\Program Files (x86)\Windows Kits\10\Include\10.0.22621.0\um\winuser.h
  Note: including file:     C:\Program Files (x86)\Windows Kits\10\Include\10.0.22621.0\shared\pshpack2.h
  Note: including file:     C:\Program Files (x86)\Windows Kits\10\Include\10.0.22621.0\shared\poppack.h
  Note: including file:     C:\Program Files (x86)\Windows Kits\10\Include\10.0.22621.0\shared\tvout.h
  Note: including file:    C:\Program Files (x86)\Windows Kits\10\Include\10.0.22621.0\um\winnls.h
  Note: including file:     C:\Program Files (x86)\Windows Kits\10\Include\10.0.22621.0\um\datetimeapi.h
  Note: including file:     C:\Program Files (x86)\Windows Kits\10\Include\10.0.22621.0\um\stringapiset.h
  Note: including file:      C:\Program Files (x86)\Windows Kits\10\Include\10.0.22621.0\um\winnls.h
  Note: including file:    C:\Program Files (x86)\Windows Kits\10\Include\10.0.22621.0\um\wincon.h
  Note: including file:     C:\Program Files (x86)\Windows Kits\10\Include\10.0.22621.0\um\wincontypes.h
  Note: including file:     C:\Program Files (x86)\Windows Kits\10\Include\10.0.22621.0\um\consoleapi.h
  Note: including file:     C:\Program Files (x86)\Windows Kits\10\Include\10.0.22621.0\um\consoleapi2.h
  Note: including file:     C:\Program Files (x86)\Windows Kits\10\Include\10.0.22621.0\um\consoleapi3.h
  Note: including file:    C:\Program Files (x86)\Windows Kits\10\Include\10.0.22621.0\um\winver.h
  Note: including file:     C:\Program Files (x86)\Windows Kits\10\Include\10.0.22621.0\um\verrsrc.h
  Note: including file:    C:\Program Files (x86)\Windows Kits\10\Include\10.0.22621.0\um\winreg.h
  Note: including file:     C:\Program Files (x86)\Windows Kits\10\Include\10.0.22621.0\um\reason.h
  Note: including file:    C:\Program Files (x86)\Windows Kits\10\Include\10.0.22621.0\um\winnetwk.h
  Note: including file:     C:\Program Files (x86)\Windows Kits\10\Include\10.0.22621.0\shared\wnnc.h
  Note: including file:    C:\Program Files (x86)\Windows Kits\10\Include\10.0.22621.0\shared\stralign.h
  Note: including file:    C:\Program Files (x86)\Windows Kits\10\Include\10.0.22621.0\um\winsvc.h
  Note: including file:    C:\Program Files (x86)\Windows Kits\10\Include\10.0.22621.0\um\mcx.h
  Note: including file:    C:\Program Files (x86)\Windows Kits\10\Include\10.0.22621.0\um\imm.h
  Note: including file:     C:\Program Files (x86)\Windows Kits\10\Include\10.0.22621.0\um\ime_cmodes.h
  dllmain.cpp
  Note: including file: C:\Program Files (x86)\Windows Kits\10\Include\10.0.22621.0\shared\d3d9.h
  Note: including file:  C:\Program Files (x86)\Windows Kits\10\Include\10.0.22621.0\ucrt\stdlib.h
  Note: including file:   C:\Program Files (x86)\Windows Kits\10\Include\10.0.22621.0\ucrt\corecrt_malloc.h
  Note: including file:   C:\Program Files (x86)\Windows Kits\10\Include\10.0.22621.0\ucrt\corecrt_search.h
  Note: including file:    C:\Program Files (x86)\Windows Kits\10\Include\10.0.22621.0\ucrt\stddef.h
  Note: including file:   C:\Program Files (x86)\Windows Kits\10\Include\10.0.22621.0\ucrt\corecrt_wstdlib.h
  Note: including file:   C:\Program Files\Microsoft Visual Studio\2022\Community\VC\Tools\MSVC\14.36.32532\include\limits.h
  Note: including file:  C:\Program Files (x86)\Windows Kits\10\Include\10.0.22621.0\um\objbase.h
  Note: including file:   C:\Program Files (x86)\Windows Kits\10\Include\10.0.22621.0\shared\rpc.h
  Note: including file:    C:\Program Files (x86)\Windows Kits\10\Include\10.0.22621.0\shared\rpcdce.h
  Note: including file:     C:\Program Files (x86)\Windows Kits\10\Include\10.0.22621.0\shared\rpcdcep.h
  Note: including file:    C:\Program Files (x86)\Windows Kits\10\Include\10.0.22621.0\um\rpcnsi.h
  Note: including file:    C:\Program Files (x86)\Windows Kits\10\Include\10.0.22621.0\shared\rpcnterr.h
  Note: including file:    C:\Program Files (x86)\Windows Kits\10\Include\10.0.22621.0\shared\rpcasync.h
  Note: including file:   C:\Program Files (x86)\Windows Kits\10\Include\10.0.22621.0\shared\rpcndr.h
  Note: including file:    C:\Program Files (x86)\Windows Kits\10\Include\10.0.22621.0\shared\pshpack8.h
  Note: including file:    C:\Program Files (x86)\Windows Kits\10\Include\10.0.22621.0\um\rpcnsip.h
  Note: including file:    C:\Program Files (x86)\Windows Kits\10\Include\10.0.22621.0\shared\rpcsal.h
  Note: including file:    C:\Program Files (x86)\Windows Kits\10\Include\10.0.22621.0\shared\poppack.h
  Note: including file:   C:\Program Files (x86)\Windows Kits\10\Include\10.0.22621.0\shared\pshpack8.h
  Note: including file:   C:\Program Files (x86)\Windows Kits\10\Include\10.0.22621.0\um\combaseapi.h
  Note: including file:    C:\Program Files (x86)\Windows Kits\10\Include\10.0.22621.0\shared\pshpack8.h
  Note: including file:    C:\Program Files (x86)\Windows Kits\10\Include\10.0.22621.0\shared\wtypesbase.h
  Note: including file:     C:\Program Files (x86)\Windows Kits\10\Include\10.0.22621.0\shared\guiddef.h
  Note: including file:    C:\Program Files (x86)\Windows Kits\10\Include\10.0.22621.0\um\unknwnbase.h
  Note: including file:    C:\Program Files (x86)\Windows Kits\10\Include\10.0.22621.0\um\objidlbase.h
  Note: including file:    C:\Program Files (x86)\Windows Kits\10\Include\10.0.22621.0\shared\guiddef.h
  Note: including file:    C:\Program Files (x86)\Windows Kits\10\Include\10.0.22621.0\um\cguid.h
  Note: including file:    C:\Program Files (x86)\Windows Kits\10\Include\10.0.22621.0\shared\poppack.h
  Note: including file:   C:\Program Files (x86)\Windows Kits\10\Include\10.0.22621.0\um\coml2api.h
  Note: including file:    C:\Program Files (x86)\Windows Kits\10\Include\10.0.22621.0\um\objidl.h
  Note: including file:     C:\Program Files (x86)\Windows Kits\10\Include\10.0.22621.0\um\unknwn.h
  Note: including file:      C:\Program Files (x86)\Windows Kits\10\Include\10.0.22621.0\shared\wtypes.h
  Note: including file:    C:\Program Files (x86)\Windows Kits\10\Include\10.0.22621.0\um\propidlbase.h
  Note: including file:     C:\Program Files (x86)\Windows Kits\10\Include\10.0.22621.0\um\oaidl.h
  Note: including file:   C:\Program Files (x86)\Windows Kits\10\Include\10.0.22621.0\um\urlmon.h
  Note: including file:    C:\Program Files (x86)\Windows Kits\10\Include\10.0.22621.0\um\oleidl.h
  Note: including file:    C:\Program Files (x86)\Windows Kits\10\Include\10.0.22621.0\um\servprov.h
  Note: including file:    C:\Program Files (x86)\Windows Kits\10\Include\10.0.22621.0\um\msxml.h
  Note: including file:   C:\Program Files (x86)\Windows Kits\10\Include\10.0.22621.0\um\propidl.h
  Note: including file:   C:\Program Files (x86)\Windows Kits\10\Include\10.0.22621.0\shared\poppack.h
  Note: including file:  C:\Program Files (x86)\Windows Kits\10\Include\10.0.22621.0\shared\d3d9types.h
  Note: including file:   C:\Program Files (x86)\Windows Kits\10\Include\10.0.22621.0\ucrt\float.h
  Note: including file:  C:\Program Files (x86)\Windows Kits\10\Include\10.0.22621.0\shared\d3d9caps.h
  Note: including file: C:\Program Files (x86)\Windows Kits\10\Include\10.0.22621.0\ucrt\stdio.h
  Note: including file:  C:\Program Files (x86)\Windows Kits\10\Include\10.0.22621.0\ucrt\corecrt_wstdio.h
  Note: including file:   C:\Program Files (x86)\Windows Kits\10\Include\10.0.22621.0\ucrt\corecrt_stdio_config.h
  Note: including file: C:\repos\Dawn-of-war-overdrive-performance\GDI HOOKING DLL\SDLThread.h
  Note: including file:  C:\repos\Dawn-of-war-overdrive-performance\SDL3-3.2.4\include\SDL3/SDL.h
  Note: including file:   C:\repos\Dawn-of-war-overdrive-performance\SDL3-3.2.4\include\SDL3/SDL_stdinc.h
  Note: including file:    C:\repos\Dawn-of-war-overdrive-performance\SDL3-3.2.4\include\SDL3/SDL_platform_defines.h
  Note: including file:    C:\Program Files\Microsoft Visual Studio\2022\Community\VC\Tools\MSVC\14.36.32532\include\stdint.h
  Note: including file:    C:\Program Files (x86)\Windows Kits\10\Include\10.0.22621.0\ucrt\wchar.h
  Note: including file:     C:\Program Files (x86)\Windows Kits\10\Include\10.0.22621.0\ucrt\corecrt_wconio.h
  Note: including file:     C:\Program Files (x86)\Windows Kits\10\Include\10.0.22621.0\ucrt\corecrt_wdirect.h
  Note: including file:     C:\Program Files (x86)\Windows Kits\10\Include\10.0.22621.0\ucrt\corecrt_wio.h
  Note: including file:      C:\Program Files (x86)\Windows Kits\10\Include\10.0.22621.0\ucrt\corecrt_share.h
  Note: including file:     C:\Program Files (x86)\Windows Kits\10\Include\10.0.22621.0\ucrt\corecrt_wprocess.h
  Note: including file:     C:\Program Files (x86)\Windows Kits\10\Include\10.0.22621.0\ucrt\corecrt_wtime.h
  Note: including file:     C:\Program Files (x86)\Windows Kits\10\Include\10.0.22621.0\ucrt\sys/stat.h
  Note: including file:      C:\Program Files (x86)\Windows Kits\10\Include\10.0.22621.0\ucrt\sys/types.h
  Note: including file:    C:\Program Files (x86)\Windows Kits\10\Include\10.0.22621.0\ucrt\malloc.h
  Note: including file:    C:\repos\Dawn-of-war-overdrive-performance\SDL3-3.2.4\include\SDL3/SDL_begin_code.h
  Note: including file:    C:\repos\Dawn-of-war-overdrive-performance\SDL3-3.2.4\include\SDL3/SDL_close_code.h
  Note: including file:   C:\repos\Dawn-of-war-overdrive-performance\SDL3-3.2.4\include\SDL3/SDL_assert.h
  Note: including file:    C:\repos\Dawn-of-war-overdrive-performance\SDL3-3.2.4\include\SDL3/SDL_begin_code.h
  Note: including file:    C:\repos\Dawn-of-war-overdrive-performance\SDL3-3.2.4\include\SDL3/SDL_close_code.h
  Note: including file:   C:\repos\Dawn-of-war-overdrive-performance\SDL3-3.2.4\include\SDL3/SDL_asyncio.h
  Note: including file:    C:\repos\Dawn-of-war-overdrive-performance\SDL3-3.2.4\include\SDL3/SDL_begin_code.h
  Note: including file:    C:\repos\Dawn-of-war-overdrive-performance\SDL3-3.2.4\include\SDL3/SDL_close_code.h
  Note: including file:   C:\repos\Dawn-of-war-overdrive-performance\SDL3-3.2.4\include\SDL3/SDL_atomic.h
  Note: including file:    C:\repos\Dawn-of-war-overdrive-performance\SDL3-3.2.4\include\SDL3/SDL_begin_code.h
  Note: including file:    C:\repos\Dawn-of-war-overdrive-performance\SDL3-3.2.4\include\SDL3/SDL_close_code.h
  Note: including file:   C:\repos\Dawn-of-war-overdrive-performance\SDL3-3.2.4\include\SDL3/SDL_audio.h
  Note: including file:    C:\repos\Dawn-of-war-overdrive-performance\SDL3-3.2.4\include\SDL3/SDL_endian.h
  Note: including file:     C:\Program Files\Microsoft Visual Studio\2022\Community\VC\Tools\MSVC\14.36.32532\include\intrin.h
  Note: including file:      C:\Program Files\Microsoft Visual Studio\2022\Community\VC\Tools\MSVC\14.36.32532\include\intrin0.inl.h
  Note: including file:      C:\Program Files\Microsoft Visual Studio\2022\Community\VC\Tools\MSVC\14.36.32532\include\setjmp.h
  Note: including file:      C:\Program Files\Microsoft Visual Studio\2022\Community\VC\Tools\MSVC\14.36.32532\include\immintrin.h
  Note: including file:       C:\Program Files\Microsoft Visual Studio\2022\Community\VC\Tools\MSVC\14.36.32532\include\wmmintrin.h
  Note: including file:        C:\Program Files\Microsoft Visual Studio\2022\Community\VC\Tools\MSVC\14.36.32532\include\nmmintrin.h
  Note: including file:         C:\Program Files\Microsoft Visual Studio\2022\Community\VC\Tools\MSVC\14.36.32532\include\smmintrin.h
  Note: including file:          C:\Program Files\Microsoft Visual Studio\2022\Community\VC\Tools\MSVC\14.36.32532\include\tmmintrin.h
  Note: including file:           C:\Program Files\Microsoft Visual Studio\2022\Community\VC\Tools\MSVC\14.36.32532\include\pmmintrin.h
  Note: including file:            C:\Program Files\Microsoft Visual Studio\2022\Community\VC\Tools\MSVC\14.36.32532\include\emmintrin.h
  Note: including file:             C:\Program Files\Microsoft Visual Studio\2022\Community\VC\Tools\MSVC\14.36.32532\include\xmmintrin.h
  Note: including file:              C:\Program Files\Microsoft Visual Studio\2022\Community\VC\Tools\MSVC\14.36.32532\include\mmintrin.h
  Note: including file:       C:\Program Files\Microsoft Visual Studio\2022\Community\VC\Tools\MSVC\14.36.32532\include\zmmintrin.h
  Note: including file:      C:\Program Files\Microsoft Visual Studio\2022\Community\VC\Tools\MSVC\14.36.32532\include\ammintrin.h
  Note: including file:      C:\Program Files\Microsoft Visual Studio\2022\Community\VC\Tools\MSVC\14.36.32532\include\mm3dnow.h
  Note: including file:     C:\repos\Dawn-of-war-overdrive-performance\SDL3-3.2.4\include\SDL3/SDL_begin_code.h
  Note: including file:     C:\repos\Dawn-of-war-overdrive-performance\SDL3-3.2.4\include\SDL3/SDL_close_code.h
  Note: including file:    C:\repos\Dawn-of-war-overdrive-performance\SDL3-3.2.4\include\SDL3/SDL_error.h
  Note: including file:     C:\repos\Dawn-of-war-overdrive-performance\SDL3-3.2.4\include\SDL3/SDL_begin_code.h
  Note: including file:     C:\repos\Dawn-of-war-overdrive-performance\SDL3-3.2.4\include\SDL3/SDL_close_code.h
  Note: including file:    C:\repos\Dawn-of-war-overdrive-performance\SDL3-3.2.4\include\SDL3/SDL_mutex.h
  Note: including file:     C:\repos\Dawn-of-war-overdrive-performance\SDL3-3.2.4\include\SDL3/SDL_thread.h
  Note: including file:      C:\repos\Dawn-of-war-overdrive-performance\SDL3-3.2.4\include\SDL3/SDL_properties.h
  Note: including file:       C:\repos\Dawn-of-war-overdrive-performance\SDL3-3.2.4\include\SDL3/SDL_begin_code.h
  Note: including file:       C:\repos\Dawn-of-war-overdrive-performance\SDL3-3.2.4\include\SDL3/SDL_close_code.h
  Note: including file:      C:\Program Files (x86)\Windows Kits\10\Include\10.0.22621.0\ucrt\process.h
  Note: including file:       C:\Program Files (x86)\Windows Kits\10\Include\10.0.22621.0\ucrt\corecrt_startup.h
  Note: including file:        C:\Program Files (x86)\Windows Kits\10\Include\10.0.22621.0\ucrt\math.h
  Note: including file:         C:\Program Files (x86)\Windows Kits\10\Include\10.0.22621.0\ucrt\corecrt_math.h
  Note: including file:        C:\Program Files\Microsoft Visual Studio\2022\Community\VC\Tools\MSVC\14.36.32532\include\vcruntime_startup.h
  Note: including file:      C:\repos\Dawn-of-war-overdrive-performance\SDL3-3.2.4\include\SDL3/SDL_begin_code.h
  Note: including file:      C:\repos\Dawn-of-war-overdrive-performance\SDL3-3.2.4\include\SDL3/SDL_close_code.h
  Note: including file:     C:\repos\Dawn-of-war-overdrive-performance\SDL3-3.2.4\include\SDL3/SDL_begin_code.h
  Note: including file:     C:\repos\Dawn-of-war-overdrive-performance\SDL3-3.2.4\include\SDL3/SDL_close_code.h
  Note: including file:    C:\repos\Dawn-of-war-overdrive-performance\SDL3-3.2.4\include\SDL3/SDL_iostream.h
  Note: including file:     C:\repos\Dawn-of-war-overdrive-performance\SDL3-3.2.4\include\SDL3/SDL_begin_code.h
  Note: including file:     C:\repos\Dawn-of-war-overdrive-performance\SDL3-3.2.4\include\SDL3/SDL_close_code.h
  Note: including file:    C:\repos\Dawn-of-war-overdrive-performance\SDL3-3.2.4\include\SDL3/SDL_begin_code.h
  Note: including file:    C:\repos\Dawn-of-war-overdrive-performance\SDL3-3.2.4\include\SDL3/SDL_close_code.h
  Note: including file:   C:\repos\Dawn-of-war-overdrive-performance\SDL3-3.2.4\include\SDL3/SDL_bits.h
  Note: including file:    C:\repos\Dawn-of-war-overdrive-performance\SDL3-3.2.4\include\SDL3/SDL_begin_code.h
  Note: including file:    C:\repos\Dawn-of-war-overdrive-performance\SDL3-3.2.4\include\SDL3/SDL_close_code.h
  Note: including file:   C:\repos\Dawn-of-war-overdrive-performance\SDL3-3.2.4\include\SDL3/SDL_blendmode.h
  Note: including file:    C:\repos\Dawn-of-war-overdrive-performance\SDL3-3.2.4\include\SDL3/SDL_begin_code.h
  Note: including file:    C:\repos\Dawn-of-war-overdrive-performance\SDL3-3.2.4\include\SDL3/SDL_close_code.h
  Note: including file:   C:\repos\Dawn-of-war-overdrive-performance\SDL3-3.2.4\include\SDL3/SDL_camera.h
  Note: including file:    C:\repos\Dawn-of-war-overdrive-performance\SDL3-3.2.4\include\SDL3/SDL_pixels.h
  Note: including file:     C:\repos\Dawn-of-war-overdrive-performance\SDL3-3.2.4\include\SDL3/SDL_begin_code.h
  Note: including file:     C:\repos\Dawn-of-war-overdrive-performance\SDL3-3.2.4\include\SDL3/SDL_close_code.h
  Note: including file:    C:\repos\Dawn-of-war-overdrive-performance\SDL3-3.2.4\include\SDL3/SDL_surface.h
  Note: including file:     C:\repos\Dawn-of-war-overdrive-performance\SDL3-3.2.4\include\SDL3/SDL_rect.h
  Note: including file:      C:\repos\Dawn-of-war-overdrive-performance\SDL3-3.2.4\include\SDL3/SDL_begin_code.h
  Note: including file:      C:\repos\Dawn-of-war-overdrive-performance\SDL3-3.2.4\include\SDL3/SDL_close_code.h
  Note: including file:     C:\repos\Dawn-of-war-overdrive-performance\SDL3-3.2.4\include\SDL3/SDL_begin_code.h
  Note: including file:     C:\repos\Dawn-of-war-overdrive-performance\SDL3-3.2.4\include\SDL3/SDL_close_code.h
  Note: including file:    C:\repos\Dawn-of-war-overdrive-performance\SDL3-3.2.4\include\SDL3/SDL_begin_code.h
  Note: including file:    C:\repos\Dawn-of-war-overdrive-performance\SDL3-3.2.4\include\SDL3/SDL_close_code.h
  Note: including file:   C:\repos\Dawn-of-war-overdrive-performance\SDL3-3.2.4\include\SDL3/SDL_clipboard.h
  Note: including file:    C:\repos\Dawn-of-war-overdrive-performance\SDL3-3.2.4\include\SDL3/SDL_begin_code.h
  Note: including file:    C:\repos\Dawn-of-war-overdrive-performance\SDL3-3.2.4\include\SDL3/SDL_close_code.h
  Note: including file:   C:\repos\Dawn-of-war-overdrive-performance\SDL3-3.2.4\include\SDL3/SDL_cpuinfo.h
  Note: including file:    C:\repos\Dawn-of-war-overdrive-performance\SDL3-3.2.4\include\SDL3/SDL_begin_code.h
  Note: including file:    C:\repos\Dawn-of-war-overdrive-performance\SDL3-3.2.4\include\SDL3/SDL_close_code.h
  Note: including file:   C:\repos\Dawn-of-war-overdrive-performance\SDL3-3.2.4\include\SDL3/SDL_dialog.h
  Note: including file:    C:\repos\Dawn-of-war-overdrive-performance\SDL3-3.2.4\include\SDL3/SDL_video.h
  Note: including file:     C:\repos\Dawn-of-war-overdrive-performance\SDL3-3.2.4\include\SDL3/SDL_begin_code.h
  Note: including file:     C:\repos\Dawn-of-war-overdrive-performance\SDL3-3.2.4\include\SDL3/SDL_close_code.h
  Note: including file:    C:\repos\Dawn-of-war-overdrive-performance\SDL3-3.2.4\include\SDL3/SDL_begin_code.h
  Note: including file:    C:\repos\Dawn-of-war-overdrive-performance\SDL3-3.2.4\include\SDL3/SDL_close_code.h
  Note: including file:   C:\repos\Dawn-of-war-overdrive-performance\SDL3-3.2.4\include\SDL3/SDL_events.h
  Note: including file:    C:\repos\Dawn-of-war-overdrive-performance\SDL3-3.2.4\include\SDL3/SDL_gamepad.h
  Note: including file:     C:\repos\Dawn-of-war-overdrive-performance\SDL3-3.2.4\include\SDL3/SDL_guid.h
  Note: including file:      C:\repos\Dawn-of-war-overdrive-performance\SDL3-3.2.4\include\SDL3/SDL_begin_code.h
  Note: including file:      C:\repos\Dawn-of-war-overdrive-performance\SDL3-3.2.4\include\SDL3/SDL_close_code.h
  Note: including file:     C:\repos\Dawn-of-war-overdrive-performance\SDL3-3.2.4\include\SDL3/SDL_joystick.h
  Note: including file:      C:\repos\Dawn-of-war-overdrive-performance\SDL3-3.2.4\include\SDL3/SDL_power.h
  Note: including file:       C:\repos\Dawn-of-war-overdrive-performance\SDL3-3.2.4\include\SDL3/SDL_begin_code.h
  Note: including file:       C:\repos\Dawn-of-war-overdrive-performance\SDL3-3.2.4\include\SDL3/SDL_close_code.h
  Note: including file:      C:\repos\Dawn-of-war-overdrive-performance\SDL3-3.2.4\include\SDL3/SDL_sensor.h
  Note: including file:       C:\repos\Dawn-of-war-overdrive-performance\SDL3-3.2.4\include\SDL3/SDL_begin_code.h
  Note: including file:       C:\repos\Dawn-of-war-overdrive-performance\SDL3-3.2.4\include\SDL3/SDL_close_code.h
  Note: including file:      C:\repos\Dawn-of-war-overdrive-performance\SDL3-3.2.4\include\SDL3/SDL_begin_code.h
  Note: including file:      C:\repos\Dawn-of-war-overdrive-performance\SDL3-3.2.4\include\SDL3/SDL_close_code.h
  Note: including file:     C:\repos\Dawn-of-war-overdrive-performance\SDL3-3.2.4\include\SDL3/SDL_begin_code.h
  Note: including file:     C:\repos\Dawn-of-war-overdrive-performance\SDL3-3.2.4\include\SDL3/SDL_close_code.h
  Note: including file:    C:\repos\Dawn-of-war-overdrive-performance\SDL3-3.2.4\include\SDL3/SDL_keyboard.h
  Note: including file:     C:\repos\Dawn-of-war-overdrive-performance\SDL3-3.2.4\include\SDL3/SDL_keycode.h
  Note: including file:      C:\repos\Dawn-of-war-overdrive-performance\SDL3-3.2.4\include\SDL3/SDL_scancode.h
  Note: including file:     C:\repos\Dawn-of-war-overdrive-performance\SDL3-3.2.4\include\SDL3/SDL_begin_code.h
  Note: including file:     C:\repos\Dawn-of-war-overdrive-performance\SDL3-3.2.4\include\SDL3/SDL_close_code.h
  Note: including file:    C:\repos\Dawn-of-war-overdrive-performance\SDL3-3.2.4\include\SDL3/SDL_mouse.h
  Note: including file:     C:\repos\Dawn-of-war-overdrive-performance\SDL3-3.2.4\include\SDL3/SDL_begin_code.h
  Note: including file:     C:\repos\Dawn-of-war-overdrive-performance\SDL3-3.2.4\include\SDL3/SDL_close_code.h
  Note: including file:    C:\repos\Dawn-of-war-overdrive-performance\SDL3-3.2.4\include\SDL3/SDL_pen.h
  Note: including file:     C:\repos\Dawn-of-war-overdrive-performance\SDL3-3.2.4\include\SDL3/SDL_touch.h
  Note: including file:      C:\repos\Dawn-of-war-overdrive-performance\SDL3-3.2.4\include\SDL3/SDL_begin_code.h
  Note: including file:      C:\repos\Dawn-of-war-overdrive-performance\SDL3-3.2.4\include\SDL3/SDL_close_code.h
  Note: including file:    C:\repos\Dawn-of-war-overdrive-performance\SDL3-3.2.4\include\SDL3/SDL_begin_code.h
  Note: including file:    C:\repos\Dawn-of-war-overdrive-performance\SDL3-3.2.4\include\SDL3/SDL_close_code.h
  Note: including file:   C:\repos\Dawn-of-war-overdrive-performance\SDL3-3.2.4\include\SDL3/SDL_filesystem.h
  Note: including file:    C:\repos\Dawn-of-war-overdrive-performance\SDL3-3.2.4\include\SDL3/SDL_begin_code.h
  Note: including file:    C:\repos\Dawn-of-war-overdrive-performance\SDL3-3.2.4\include\SDL3/SDL_close_code.h
  Note: including file:   C:\repos\Dawn-of-war-overdrive-performance\SDL3-3.2.4\include\SDL3/SDL_gpu.h
  Note: including file:    C:\repos\Dawn-of-war-overdrive-performance\SDL3-3.2.4\include\SDL3/SDL_begin_code.h
  Note: including file:    C:\repos\Dawn-of-war-overdrive-performance\SDL3-3.2.4\include\SDL3/SDL_close_code.h
  Note: including file:   C:\repos\Dawn-of-war-overdrive-performance\SDL3-3.2.4\include\SDL3/SDL_haptic.h
  Note: including file:    C:\repos\Dawn-of-war-overdrive-performance\SDL3-3.2.4\include\SDL3/SDL_begin_code.h
  Note: including file:    C:\repos\Dawn-of-war-overdrive-performance\SDL3-3.2.4\include\SDL3/SDL_close_code.h
  Note: including file:   C:\repos\Dawn-of-war-overdrive-performance\SDL3-3.2.4\include\SDL3/SDL_hidapi.h
  Note: including file:    C:\repos\Dawn-of-war-overdrive-performance\SDL3-3.2.4\include\SDL3/SDL_begin_code.h
  Note: including file:    C:\repos\Dawn-of-war-overdrive-performance\SDL3-3.2.4\include\SDL3/SDL_close_code.h
  Note: including file:   C:\repos\Dawn-of-war-overdrive-performance\SDL3-3.2.4\include\SDL3/SDL_hints.h
  Note: including file:    C:\repos\Dawn-of-war-overdrive-performance\SDL3-3.2.4\include\SDL3/SDL_begin_code.h
  Note: including file:    C:\repos\Dawn-of-war-overdrive-performance\SDL3-3.2.4\include\SDL3/SDL_close_code.h
  Note: including file:   C:\repos\Dawn-of-war-overdrive-performance\SDL3-3.2.4\include\SDL3/SDL_init.h
  Note: including file:    C:\repos\Dawn-of-war-overdrive-performance\SDL3-3.2.4\include\SDL3/SDL_begin_code.h
  Note: including file:    C:\repos\Dawn-of-war-overdrive-performance\SDL3-3.2.4\include\SDL3/SDL_close_code.h
  Note: including file:   C:\repos\Dawn-of-war-overdrive-performance\SDL3-3.2.4\include\SDL3/SDL_loadso.h
  Note: including file:    C:\repos\Dawn-of-war-overdrive-performance\SDL3-3.2.4\include\SDL3/SDL_begin_code.h
  Note: including file:    C:\repos\Dawn-of-war-overdrive-performance\SDL3-3.2.4\include\SDL3/SDL_close_code.h
  Note: including file:   C:\repos\Dawn-of-war-overdrive-performance\SDL3-3.2.4\include\SDL3/SDL_locale.h
  Note: including file:    C:\repos\Dawn-of-war-overdrive-performance\SDL3-3.2.4\include\SDL3/SDL_begin_code.h
  Note: including file:    C:\repos\Dawn-of-war-overdrive-performance\SDL3-3.2.4\include\SDL3/SDL_close_code.h
  Note: including file:   C:\repos\Dawn-of-war-overdrive-performance\SDL3-3.2.4\include\SDL3/SDL_log.h
  Note: including file:    C:\repos\Dawn-of-war-overdrive-performance\SDL3-3.2.4\include\SDL3/SDL_begin_code.h
  Note: including file:    C:\repos\Dawn-of-war-overdrive-performance\SDL3-3.2.4\include\SDL3/SDL_close_code.h
  Note: including file:   C:\repos\Dawn-of-war-overdrive-performance\SDL3-3.2.4\include\SDL3/SDL_messagebox.h
  Note: including file:    C:\repos\Dawn-of-war-overdrive-performance\SDL3-3.2.4\include\SDL3/SDL_begin_code.h
  Note: including file:    C:\repos\Dawn-of-war-overdrive-performance\SDL3-3.2.4\include\SDL3/SDL_close_code.h
  Note: including file:   C:\repos\Dawn-of-war-overdrive-performance\SDL3-3.2.4\include\SDL3/SDL_metal.h
  Note: including file:    C:\repos\Dawn-of-war-overdrive-performance\SDL3-3.2.4\include\SDL3/SDL_begin_code.h
  Note: including file:    C:\repos\Dawn-of-war-overdrive-performance\SDL3-3.2.4\include\SDL3/SDL_close_code.h
  Note: including file:   C:\repos\Dawn-of-war-overdrive-performance\SDL3-3.2.4\include\SDL3/SDL_misc.h
  Note: including file:    C:\repos\Dawn-of-war-overdrive-performance\SDL3-3.2.4\include\SDL3/SDL_begin_code.h
  Note: including file:    C:\repos\Dawn-of-war-overdrive-performance\SDL3-3.2.4\include\SDL3/SDL_close_code.h
  Note: including file:   C:\repos\Dawn-of-war-overdrive-performance\SDL3-3.2.4\include\SDL3/SDL_platform.h
  Note: including file:    C:\repos\Dawn-of-war-overdrive-performance\SDL3-3.2.4\include\SDL3/SDL_begin_code.h
  Note: including file:    C:\repos\Dawn-of-war-overdrive-performance\SDL3-3.2.4\include\SDL3/SDL_close_code.h
  Note: including file:   C:\repos\Dawn-of-war-overdrive-performance\SDL3-3.2.4\include\SDL3/SDL_process.h
  Note: including file:    C:\repos\Dawn-of-war-overdrive-performance\SDL3-3.2.4\include\SDL3/SDL_begin_code.h
  Note: including file:    C:\repos\Dawn-of-war-overdrive-performance\SDL3-3.2.4\include\SDL3/SDL_close_code.h
  Note: including file:   C:\repos\Dawn-of-war-overdrive-performance\SDL3-3.2.4\include\SDL3/SDL_render.h
  Note: including file:    C:\repos\Dawn-of-war-overdrive-performance\SDL3-3.2.4\include\SDL3/SDL_begin_code.h
  Note: including file:    C:\repos\Dawn-of-war-overdrive-performance\SDL3-3.2.4\include\SDL3/SDL_close_code.h
  Note: including file:   C:\repos\Dawn-of-war-overdrive-performance\SDL3-3.2.4\include\SDL3/SDL_storage.h
  Note: including file:    C:\repos\Dawn-of-war-overdrive-performance\SDL3-3.2.4\include\SDL3/SDL_begin_code.h
  Note: including file:    C:\repos\Dawn-of-war-overdrive-performance\SDL3-3.2.4\include\SDL3/SDL_close_code.h
  Note: including file:   C:\repos\Dawn-of-war-overdrive-performance\SDL3-3.2.4\include\SDL3/SDL_system.h
  Note: including file:    C:\repos\Dawn-of-war-overdrive-performance\SDL3-3.2.4\include\SDL3/SDL_begin_code.h
  Note: including file:    C:\repos\Dawn-of-war-overdrive-performance\SDL3-3.2.4\include\SDL3/SDL_close_code.h
  Note: including file:   C:\repos\Dawn-of-war-overdrive-performance\SDL3-3.2.4\include\SDL3/SDL_time.h
  Note: including file:    C:\repos\Dawn-of-war-overdrive-performance\SDL3-3.2.4\include\SDL3/SDL_begin_code.h
  Note: including file:    C:\repos\Dawn-of-war-overdrive-performance\SDL3-3.2.4\include\SDL3/SDL_close_code.h
  Note: including file:   C:\repos\Dawn-of-war-overdrive-performance\SDL3-3.2.4\include\SDL3/SDL_timer.h
  Note: including file:    C:\repos\Dawn-of-war-overdrive-performance\SDL3-3.2.4\include\SDL3/SDL_begin_code.h
  Note: including file:    C:\repos\Dawn-of-war-overdrive-performance\SDL3-3.2.4\include\SDL3/SDL_close_code.h
  Note: including file:   C:\repos\Dawn-of-war-overdrive-performance\SDL3-3.2.4\include\SDL3/SDL_tray.h
  Note: including file:    C:\repos\Dawn-of-war-overdrive-performance\SDL3-3.2.4\include\SDL3/SDL_begin_code.h
  Note: including file:    C:\repos\Dawn-of-war-overdrive-performance\SDL3-3.2.4\include\SDL3/SDL_close_code.h
  Note: including file:   C:\repos\Dawn-of-war-overdrive-performance\SDL3-3.2.4\include\SDL3/SDL_version.h
  Note: including file:    C:\repos\Dawn-of-war-overdrive-performance\SDL3-3.2.4\include\SDL3/SDL_begin_code.h
  Note: including file:    C:\repos\Dawn-of-war-overdrive-performance\SDL3-3.2.4\include\SDL3/SDL_close_code.h
  Note: including file:   C:\repos\Dawn-of-war-overdrive-performance\SDL3-3.2.4\include\SDL3/SDL_oldnames.h
  Note: including file:  C:\repos\Dawn-of-war-overdrive-performance\SDL3-3.2.4\include\SDL3/SDL_vulkan.h
  Note: including file:   C:\repos\Dawn-of-war-overdrive-performance\SDL3-3.2.4\include\SDL3/SDL_begin_code.h
  Note: including file:   C:\repos\Dawn-of-war-overdrive-performance\SDL3-3.2.4\include\SDL3/SDL_close_code.h
  Note: including file:  C:\VulkanSDK\1.4.304.1\Include\vulkan/vulkan.h
  Note: including file:   C:\VulkanSDK\1.4.304.1\Include\vulkan\vk_platform.h
  Note: including file:   C:\VulkanSDK\1.4.304.1\Include\vulkan\vulkan_core.h
  Note: including file:    C:\VulkanSDK\1.4.304.1\Include\vk_video/vulkan_video_codec_h264std.h
  Note: including file:     C:\VulkanSDK\1.4.304.1\Include\vk_video\vulkan_video_codecs_common.h
  Note: including file:    C:\VulkanSDK\1.4.304.1\Include\vk_video/vulkan_video_codec_h264std_encode.h
  Note: including file:    C:\VulkanSDK\1.4.304.1\Include\vk_video/vulkan_video_codec_h265std.h
  Note: including file:    C:\VulkanSDK\1.4.304.1\Include\vk_video/vulkan_video_codec_h265std_encode.h
  Note: including file:    C:\VulkanSDK\1.4.304.1\Include\vk_video/vulkan_video_codec_h264std_decode.h
  Note: including file:    C:\VulkanSDK\1.4.304.1\Include\vk_video/vulkan_video_codec_h265std_decode.h
  Note: including file:    C:\VulkanSDK\1.4.304.1\Include\vk_video/vulkan_video_codec_av1std.h
  Note: including file:    C:\VulkanSDK\1.4.304.1\Include\vk_video/vulkan_video_codec_av1std_decode.h
  Note: including file:    C:\VulkanSDK\1.4.304.1\Include\vk_video/vulkan_video_codec_av1std_encode.h
  Note: including file:  C:\repos\Dawn-of-war-overdrive-performance\GDI HOOKING DLL\ThreadSafeQueue.h
  Note: including file:   C:\Program Files\Microsoft Visual Studio\2022\Community\VC\Tools\MSVC\14.36.32532\include\queue
  Note: including file:    C:\Program Files\Microsoft Visual Studio\2022\Community\VC\Tools\MSVC\14.36.32532\include\yvals_core.h
  Note: including file:     C:\Program Files\Microsoft Visual Studio\2022\Community\VC\Tools\MSVC\14.36.32532\include\xkeycheck.h
  Note: including file:    C:\Program Files\Microsoft Visual Studio\2022\Community\VC\Tools\MSVC\14.36.32532\include\algorithm
  Note: including file:     C:\Program Files\Microsoft Visual Studio\2022\Community\VC\Tools\MSVC\14.36.32532\include\xmemory
  Note: including file:      C:\Program Files\Microsoft Visual Studio\2022\Community\VC\Tools\MSVC\14.36.32532\include\cstdint
  Note: including file:      C:\Program Files\Microsoft Visual Studio\2022\Community\VC\Tools\MSVC\14.36.32532\include\cstdlib
  Note: including file:       C:\Program Files (x86)\Windows Kits\10\Include\10.0.22621.0\ucrt\math.h
  Note: including file:      C:\Program Files\Microsoft Visual Studio\2022\Community\VC\Tools\MSVC\14.36.32532\include\limits
  Note: including file:       C:\Program Files\Microsoft Visual Studio\2022\Community\VC\Tools\MSVC\14.36.32532\include\cfloat
  Note: including file:       C:\Program Files\Microsoft Visual Studio\2022\Community\VC\Tools\MSVC\14.36.32532\include\climits
  Note: including file:       C:\Program Files\Microsoft Visual Studio\2022\Community\VC\Tools\MSVC\14.36.32532\include\cwchar
  Note: including file:        C:\Program Files\Microsoft Visual Studio\2022\Community\VC\Tools\MSVC\14.36.32532\include\cstdio
  Note: including file:       C:\Program Files\Microsoft Visual Studio\2022\Community\VC\Tools\MSVC\14.36.32532\include\intrin0.h
  Note: including file:       C:\Program Files\Microsoft Visual Studio\2022\Community\VC\Tools\MSVC\14.36.32532\include\isa_availability.h
  Note: including file:       C:\Program Files\Microsoft Visual Studio\2022\Community\VC\Tools\MSVC\14.36.32532\include\xstddef
  Note: including file:        C:\Program Files\Microsoft Visual Studio\2022\Community\VC\Tools\MSVC\14.36.32532\include\cstddef
  Note: including file:         C:\Program Files\Microsoft Visual Studio\2022\Community\VC\Tools\MSVC\14.36.32532\include\xtr1common
  Note: including file:        C:\Program Files\Microsoft Visual Studio\2022\Community\VC\Tools\MSVC\14.36.32532\include\initializer_list
  Note: including file:      C:\Program Files\Microsoft Visual Studio\2022\Community\VC\Tools\MSVC\14.36.32532\include\new
  Note: including file:       C:\Program Files\Microsoft Visual Studio\2022\Community\VC\Tools\MSVC\14.36.32532\include\exception
  Note: including file:        C:\Program Files\Microsoft Visual Studio\2022\Community\VC\Tools\MSVC\14.36.32532\include\yvals.h
  Note: including file:         C:\Program Files (x86)\Windows Kits\10\Include\10.0.22621.0\ucrt\crtdbg.h
  Note: including file:          C:\Program Files\Microsoft Visual Studio\2022\Community\VC\Tools\MSVC\14.36.32532\include\vcruntime_new_debug.h
  Note: including file:           C:\Program Files\Microsoft Visual Studio\2022\Community\VC\Tools\MSVC\14.36.32532\include\vcruntime_new.h
  Note: including file:         C:\Program Files\Microsoft Visual Studio\2022\Community\VC\Tools\MSVC\14.36.32532\include\crtdefs.h
  Note: including file:         C:\Program Files\Microsoft Visual Studio\2022\Community\VC\Tools\MSVC\14.36.32532\include\use_ansi.h
  Note: including file:        C:\Program Files\Microsoft Visual Studio\2022\Community\VC\Tools\MSVC\14.36.32532\include\type_traits
  Note: including file:        C:\Program Files\Microsoft Visual Studio\2022\Community\VC\Tools\MSVC\14.36.32532\include\vcruntime_exception.h
  Note: including file:         C:\Program Files\Microsoft Visual Studio\2022\Community\VC\Tools\MSVC\14.36.32532\include\eh.h
  Note: including file:          C:\Program Files (x86)\Windows Kits\10\Include\10.0.22621.0\ucrt\corecrt_terminate.h
  Note: including file:      C:\Program Files\Microsoft Visual Studio\2022\Community\VC\Tools\MSVC\14.36.32532\include\xatomic.h
  Note: including file:      C:\Program Files\Microsoft Visual Studio\2022\Community\VC\Tools\MSVC\14.36.32532\include\xutility
  Note: including file:       C:\Program Files\Microsoft Visual Studio\2022\Community\VC\Tools\MSVC\14.36.32532\include\__msvc_iter_core.hpp
  Note: including file:        C:\Program Files\Microsoft Visual Studio\2022\Community\VC\Tools\MSVC\14.36.32532\include\utility
  Note: including file:       C:\Program Files\Microsoft Visual Studio\2022\Community\VC\Tools\MSVC\14.36.32532\include\cstring
  Note: including file:    C:\Program Files\Microsoft Visual Studio\2022\Community\VC\Tools\MSVC\14.36.32532\include\deque
  Note: including file:    C:\Program Files\Microsoft Visual Studio\2022\Community\VC\Tools\MSVC\14.36.32532\include\vector
  Note: including file:     C:\Program Files\Microsoft Visual Studio\2022\Community\VC\Tools\MSVC\14.36.32532\include\__msvc_sanitizer_annotate_container.hpp
  Note: including file:   C:\Program Files\Microsoft Visual Studio\2022\Community\VC\Tools\MSVC\14.36.32532\include\mutex
  Note: including file:    C:\Program Files\Microsoft Visual Studio\2022\Community\VC\Tools\MSVC\14.36.32532\include\__msvc_chrono.hpp
  Note: including file:     C:\Program Files\Microsoft Visual Studio\2022\Community\VC\Tools\MSVC\14.36.32532\include\ctime
  Note: including file:      C:\Program Files (x86)\Windows Kits\10\Include\10.0.22621.0\ucrt\time.h
  Note: including file:     C:\Program Files\Microsoft Visual Studio\2022\Community\VC\Tools\MSVC\14.36.32532\include\ratio
  Note: including file:     C:\Program Files\Microsoft Visual Studio\2022\Community\VC\Tools\MSVC\14.36.32532\include\xtimec.h
  Note: including file:    C:\Program Files\Microsoft Visual Studio\2022\Community\VC\Tools\MSVC\14.36.32532\include\system_error
  Note: including file:     C:\Program Files\Microsoft Visual Studio\2022\Community\VC\Tools\MSVC\14.36.32532\include\__msvc_system_error_abi.hpp
  Note: including file:     C:\Program Files\Microsoft Visual Studio\2022\Community\VC\Tools\MSVC\14.36.32532\include\cerrno
  Note: including file:     C:\Program Files\Microsoft Visual Studio\2022\Community\VC\Tools\MSVC\14.36.32532\include\stdexcept
  Note: including file:      C:\Program Files\Microsoft Visual Studio\2022\Community\VC\Tools\MSVC\14.36.32532\include\xstring
  Note: including file:       C:\Program Files\Microsoft Visual Studio\2022\Community\VC\Tools\MSVC\14.36.32532\include\iosfwd
  Note: including file:     C:\Program Files\Microsoft Visual Studio\2022\Community\VC\Tools\MSVC\14.36.32532\include\xcall_once.h
  Note: including file:     C:\Program Files\Microsoft Visual Studio\2022\Community\VC\Tools\MSVC\14.36.32532\include\xerrc.h
  Note: including file:     C:\Program Files\Microsoft Visual Studio\2022\Community\VC\Tools\MSVC\14.36.32532\include\atomic
  Note: including file:      C:\Program Files\Microsoft Visual Studio\2022\Community\VC\Tools\MSVC\14.36.32532\include\xthreads.h
  Note: including file:    C:\Program Files\Microsoft Visual Studio\2022\Community\VC\Tools\MSVC\14.36.32532\include\thread
  Note: including file:     C:\Program Files\Microsoft Visual Studio\2022\Community\VC\Tools\MSVC\14.36.32532\include\memory
  Note: including file:      C:\Program Files\Microsoft Visual Studio\2022\Community\VC\Tools\MSVC\14.36.32532\include\typeinfo
  Note: including file:       C:\Program Files\Microsoft Visual Studio\2022\Community\VC\Tools\MSVC\14.36.32532\include\vcruntime_typeinfo.h
  Note: including file:     C:\Program Files\Microsoft Visual Studio\2022\Community\VC\Tools\MSVC\14.36.32532\include\tuple
  Note: including file:   C:\repos\Dawn-of-war-overdrive-performance\GDI HOOKING DLL\RenderRequest.h
  Note: including file: C:\repos\Dawn-of-war-overdrive-performance\GDI HOOKING DLL\IATHooking.h
  Note: including file:  C:\Program Files (x86)\Windows Kits\10\Include\10.0.22621.0\um\ImageHlp.h
  Note: including file:   C:\Program Files (x86)\Windows Kits\10\Include\10.0.22621.0\shared\pshpack8.h
  Note: including file:   C:\Program Files (x86)\Windows Kits\10\Include\10.0.22621.0\um\wintrust.h
  Note: including file:    C:\Program Files (x86)\Windows Kits\10\Include\10.0.22621.0\um\wincrypt.h
  Note: including file:     C:\Program Files (x86)\Windows Kits\10\Include\10.0.22621.0\shared\bcrypt.h
  Note: including file:     C:\Program Files (x86)\Windows Kits\10\Include\10.0.22621.0\um\ncrypt.h
  Note: including file:     C:\Program Files (x86)\Windows Kits\10\Include\10.0.22621.0\um\dpapi.h
  Note: including file:    C:\Program Files (x86)\Windows Kits\10\Include\10.0.22621.0\shared\pshpack8.h
  Note: including file:    C:\Program Files (x86)\Windows Kits\10\Include\10.0.22621.0\shared\poppack.h
  Note: including file:    C:\Program Files (x86)\Windows Kits\10\Include\10.0.22621.0\shared\pshpack8.h
  Note: including file:    C:\Program Files (x86)\Windows Kits\10\Include\10.0.22621.0\shared\poppack.h
  Note: including file:    C:\Program Files (x86)\Windows Kits\10\Include\10.0.22621.0\shared\pshpack8.h
  Note: including file:    C:\Program Files (x86)\Windows Kits\10\Include\10.0.22621.0\shared\poppack.h
  Note: including file:   C:\Program Files (x86)\Windows Kits\10\Include\10.0.22621.0\shared\poppack.h
  Note: including file:   C:\Program Files (x86)\Windows Kits\10\Include\10.0.22621.0\um\minidumpapiset.h
  Note: including file:    C:\Program Files (x86)\Windows Kits\10\Include\10.0.22621.0\shared\pshpack4.h
  Note: including file:    C:\Program Files (x86)\Windows Kits\10\Include\10.0.22621.0\shared\poppack.h
  IATHooking.cpp
  Note: including file: C:\repos\Dawn-of-war-overdrive-performance\GDI HOOKING DLL\IATHooking.h
  Note: including file:  C:\Program Files (x86)\Windows Kits\10\Include\10.0.22621.0\um\ImageHlp.h
  Note: including file:   C:\Program Files (x86)\Windows Kits\10\Include\10.0.22621.0\shared\pshpack8.h
  Note: including file:   C:\Program Files (x86)\Windows Kits\10\Include\10.0.22621.0\um\wintrust.h
  Note: including file:    C:\Program Files (x86)\Windows Kits\10\Include\10.0.22621.0\um\wincrypt.h
  Note: including file:     C:\Program Files (x86)\Windows Kits\10\Include\10.0.22621.0\shared\bcrypt.h
  Note: including file:     C:\Program Files (x86)\Windows Kits\10\Include\10.0.22621.0\um\ncrypt.h
  Note: including file:     C:\Program Files (x86)\Windows Kits\10\Include\10.0.22621.0\um\dpapi.h
  Note: including file:    C:\Program Files (x86)\Windows Kits\10\Include\10.0.22621.0\shared\pshpack8.h
  Note: including file:    C:\Program Files (x86)\Windows Kits\10\Include\10.0.22621.0\shared\poppack.h
  Note: including file:    C:\Program Files (x86)\Windows Kits\10\Include\10.0.22621.0\shared\pshpack8.h
  Note: including file:    C:\Program Files (x86)\Windows Kits\10\Include\10.0.22621.0\shared\poppack.h
  Note: including file:    C:\Program Files (x86)\Windows Kits\10\Include\10.0.22621.0\shared\pshpack8.h
  Note: including file:    C:\Program Files (x86)\Windows Kits\10\Include\10.0.22621.0\shared\poppack.h
  Note: including file:   C:\Program Files (x86)\Windows Kits\10\Include\10.0.22621.0\shared\poppack.h
  Note: including file:   C:\Program Files (x86)\Windows Kits\10\Include\10.0.22621.0\um\minidumpapiset.h
  Note: including file:    C:\Program Files (x86)\Windows Kits\10\Include\10.0.22621.0\shared\pshpack4.h
  Note: including file:    C:\Program Files (x86)\Windows Kits\10\Include\10.0.22621.0\shared\poppack.h
  Note: including file:  C:\Program Files (x86)\Windows Kits\10\Include\10.0.22621.0\ucrt\stddef.h
  SDLThread.cpp
  Note: including file: C:\repos\Dawn-of-war-overdrive-performance\SDL3-3.2.4\include\SDL3/SDL.h
  Note: including file:  C:\repos\Dawn-of-war-overdrive-performance\SDL3-3.2.4\include\SDL3/SDL_stdinc.h
  Note: including file:   C:\repos\Dawn-of-war-overdrive-performance\SDL3-3.2.4\include\SDL3/SDL_platform_defines.h
  Note: including file:   C:\Program Files\Microsoft Visual Studio\2022\Community\VC\Tools\MSVC\14.36.32532\include\stdint.h
  Note: including file:   C:\Program Files (x86)\Windows Kits\10\Include\10.0.22621.0\ucrt\wchar.h
  Note: including file:    C:\Program Files (x86)\Windows Kits\10\Include\10.0.22621.0\ucrt\corecrt_wconio.h
  Note: including file:     C:\Program Files (x86)\Windows Kits\10\Include\10.0.22621.0\ucrt\corecrt_stdio_config.h
  Note: including file:    C:\Program Files (x86)\Windows Kits\10\Include\10.0.22621.0\ucrt\corecrt_wdirect.h
  Note: including file:    C:\Program Files (x86)\Windows Kits\10\Include\10.0.22621.0\ucrt\corecrt_wio.h
  Note: including file:     C:\Program Files (x86)\Windows Kits\10\Include\10.0.22621.0\ucrt\corecrt_share.h
  Note: including file:    C:\Program Files (x86)\Windows Kits\10\Include\10.0.22621.0\ucrt\corecrt_wprocess.h
  Note: including file:    C:\Program Files (x86)\Windows Kits\10\Include\10.0.22621.0\ucrt\corecrt_wstdio.h
  Note: including file:    C:\Program Files (x86)\Windows Kits\10\Include\10.0.22621.0\ucrt\corecrt_wstdlib.h
  Note: including file:    C:\Program Files (x86)\Windows Kits\10\Include\10.0.22621.0\ucrt\corecrt_wtime.h
  Note: including file:    C:\Program Files (x86)\Windows Kits\10\Include\10.0.22621.0\ucrt\sys/stat.h
  Note: including file:     C:\Program Files (x86)\Windows Kits\10\Include\10.0.22621.0\ucrt\sys/types.h
  Note: including file:   C:\Program Files (x86)\Windows Kits\10\Include\10.0.22621.0\ucrt\malloc.h
  Note: including file:    C:\Program Files (x86)\Windows Kits\10\Include\10.0.22621.0\ucrt\corecrt_malloc.h
  Note: including file:   C:\repos\Dawn-of-war-overdrive-performance\SDL3-3.2.4\include\SDL3/SDL_begin_code.h
  Note: including file:   C:\repos\Dawn-of-war-overdrive-performance\SDL3-3.2.4\include\SDL3/SDL_close_code.h
  Note: including file:  C:\repos\Dawn-of-war-overdrive-performance\SDL3-3.2.4\include\SDL3/SDL_assert.h
  Note: including file:   C:\repos\Dawn-of-war-overdrive-performance\SDL3-3.2.4\include\SDL3/SDL_begin_code.h
  Note: including file:   C:\repos\Dawn-of-war-overdrive-performance\SDL3-3.2.4\include\SDL3/SDL_close_code.h
  Note: including file:  C:\repos\Dawn-of-war-overdrive-performance\SDL3-3.2.4\include\SDL3/SDL_asyncio.h
  Note: including file:   C:\repos\Dawn-of-war-overdrive-performance\SDL3-3.2.4\include\SDL3/SDL_begin_code.h
  Note: including file:   C:\repos\Dawn-of-war-overdrive-performance\SDL3-3.2.4\include\SDL3/SDL_close_code.h
  Note: including file:  C:\repos\Dawn-of-war-overdrive-performance\SDL3-3.2.4\include\SDL3/SDL_atomic.h
  Note: including file:   C:\repos\Dawn-of-war-overdrive-performance\SDL3-3.2.4\include\SDL3/SDL_begin_code.h
  Note: including file:   C:\repos\Dawn-of-war-overdrive-performance\SDL3-3.2.4\include\SDL3/SDL_close_code.h
  Note: including file:  C:\repos\Dawn-of-war-overdrive-performance\SDL3-3.2.4\include\SDL3/SDL_audio.h
  Note: including file:   C:\repos\Dawn-of-war-overdrive-performance\SDL3-3.2.4\include\SDL3/SDL_endian.h
  Note: including file:    C:\Program Files\Microsoft Visual Studio\2022\Community\VC\Tools\MSVC\14.36.32532\include\intrin.h
  Note: including file:     C:\Program Files\Microsoft Visual Studio\2022\Community\VC\Tools\MSVC\14.36.32532\include\intrin0.inl.h
  Note: including file:     C:\Program Files\Microsoft Visual Studio\2022\Community\VC\Tools\MSVC\14.36.32532\include\setjmp.h
  Note: including file:     C:\Program Files\Microsoft Visual Studio\2022\Community\VC\Tools\MSVC\14.36.32532\include\immintrin.h
  Note: including file:      C:\Program Files\Microsoft Visual Studio\2022\Community\VC\Tools\MSVC\14.36.32532\include\wmmintrin.h
  Note: including file:       C:\Program Files\Microsoft Visual Studio\2022\Community\VC\Tools\MSVC\14.36.32532\include\nmmintrin.h
  Note: including file:        C:\Program Files\Microsoft Visual Studio\2022\Community\VC\Tools\MSVC\14.36.32532\include\smmintrin.h
  Note: including file:         C:\Program Files\Microsoft Visual Studio\2022\Community\VC\Tools\MSVC\14.36.32532\include\tmmintrin.h
  Note: including file:          C:\Program Files\Microsoft Visual Studio\2022\Community\VC\Tools\MSVC\14.36.32532\include\pmmintrin.h
  Note: including file:           C:\Program Files\Microsoft Visual Studio\2022\Community\VC\Tools\MSVC\14.36.32532\include\emmintrin.h
  Note: including file:            C:\Program Files\Microsoft Visual Studio\2022\Community\VC\Tools\MSVC\14.36.32532\include\xmmintrin.h
  Note: including file:             C:\Program Files\Microsoft Visual Studio\2022\Community\VC\Tools\MSVC\14.36.32532\include\mmintrin.h
  Note: including file:      C:\Program Files\Microsoft Visual Studio\2022\Community\VC\Tools\MSVC\14.36.32532\include\zmmintrin.h
  Note: including file:     C:\Program Files\Microsoft Visual Studio\2022\Community\VC\Tools\MSVC\14.36.32532\include\ammintrin.h
  Note: including file:     C:\Program Files\Microsoft Visual Studio\2022\Community\VC\Tools\MSVC\14.36.32532\include\mm3dnow.h
  Note: including file:    C:\repos\Dawn-of-war-overdrive-performance\SDL3-3.2.4\include\SDL3/SDL_begin_code.h
  Note: including file:    C:\repos\Dawn-of-war-overdrive-performance\SDL3-3.2.4\include\SDL3/SDL_close_code.h
  Note: including file:   C:\repos\Dawn-of-war-overdrive-performance\SDL3-3.2.4\include\SDL3/SDL_error.h
  Note: including file:    C:\repos\Dawn-of-war-overdrive-performance\SDL3-3.2.4\include\SDL3/SDL_begin_code.h
  Note: including file:    C:\repos\Dawn-of-war-overdrive-performance\SDL3-3.2.4\include\SDL3/SDL_close_code.h
  Note: including file:   C:\repos\Dawn-of-war-overdrive-performance\SDL3-3.2.4\include\SDL3/SDL_mutex.h
  Note: including file:    C:\repos\Dawn-of-war-overdrive-performance\SDL3-3.2.4\include\SDL3/SDL_thread.h
  Note: including file:     C:\repos\Dawn-of-war-overdrive-performance\SDL3-3.2.4\include\SDL3/SDL_properties.h
  Note: including file:      C:\repos\Dawn-of-war-overdrive-performance\SDL3-3.2.4\include\SDL3/SDL_begin_code.h
  Note: including file:      C:\repos\Dawn-of-war-overdrive-performance\SDL3-3.2.4\include\SDL3/SDL_close_code.h
  Note: including file:     C:\Program Files (x86)\Windows Kits\10\Include\10.0.22621.0\ucrt\process.h
  Note: including file:      C:\Program Files (x86)\Windows Kits\10\Include\10.0.22621.0\ucrt\corecrt_startup.h
  Note: including file:       C:\Program Files (x86)\Windows Kits\10\Include\10.0.22621.0\ucrt\math.h
  Note: including file:        C:\Program Files (x86)\Windows Kits\10\Include\10.0.22621.0\ucrt\corecrt_math.h
  Note: including file:       C:\Program Files\Microsoft Visual Studio\2022\Community\VC\Tools\MSVC\14.36.32532\include\vcruntime_startup.h
  Note: including file:     C:\repos\Dawn-of-war-overdrive-performance\SDL3-3.2.4\include\SDL3/SDL_begin_code.h
  Note: including file:     C:\repos\Dawn-of-war-overdrive-performance\SDL3-3.2.4\include\SDL3/SDL_close_code.h
  Note: including file:    C:\repos\Dawn-of-war-overdrive-performance\SDL3-3.2.4\include\SDL3/SDL_begin_code.h
  Note: including file:    C:\repos\Dawn-of-war-overdrive-performance\SDL3-3.2.4\include\SDL3/SDL_close_code.h
  Note: including file:   C:\repos\Dawn-of-war-overdrive-performance\SDL3-3.2.4\include\SDL3/SDL_iostream.h
  Note: including file:    C:\repos\Dawn-of-war-overdrive-performance\SDL3-3.2.4\include\SDL3/SDL_begin_code.h
  Note: including file:    C:\repos\Dawn-of-war-overdrive-performance\SDL3-3.2.4\include\SDL3/SDL_close_code.h
  Note: including file:   C:\repos\Dawn-of-war-overdrive-performance\SDL3-3.2.4\include\SDL3/SDL_begin_code.h
  Note: including file:   C:\repos\Dawn-of-war-overdrive-performance\SDL3-3.2.4\include\SDL3/SDL_close_code.h
  Note: including file:  C:\repos\Dawn-of-war-overdrive-performance\SDL3-3.2.4\include\SDL3/SDL_bits.h
  Note: including file:   C:\repos\Dawn-of-war-overdrive-performance\SDL3-3.2.4\include\SDL3/SDL_begin_code.h
  Note: including file:   C:\repos\Dawn-of-war-overdrive-performance\SDL3-3.2.4\include\SDL3/SDL_close_code.h
  Note: including file:  C:\repos\Dawn-of-war-overdrive-performance\SDL3-3.2.4\include\SDL3/SDL_blendmode.h
  Note: including file:   C:\repos\Dawn-of-war-overdrive-performance\SDL3-3.2.4\include\SDL3/SDL_begin_code.h
  Note: including file:   C:\repos\Dawn-of-war-overdrive-performance\SDL3-3.2.4\include\SDL3/SDL_close_code.h
  Note: including file:  C:\repos\Dawn-of-war-overdrive-performance\SDL3-3.2.4\include\SDL3/SDL_camera.h
  Note: including file:   C:\repos\Dawn-of-war-overdrive-performance\SDL3-3.2.4\include\SDL3/SDL_pixels.h
  Note: including file:    C:\repos\Dawn-of-war-overdrive-performance\SDL3-3.2.4\include\SDL3/SDL_begin_code.h
  Note: including file:    C:\repos\Dawn-of-war-overdrive-performance\SDL3-3.2.4\include\SDL3/SDL_close_code.h
  Note: including file:   C:\repos\Dawn-of-war-overdrive-performance\SDL3-3.2.4\include\SDL3/SDL_surface.h
  Note: including file:    C:\repos\Dawn-of-war-overdrive-performance\SDL3-3.2.4\include\SDL3/SDL_rect.h
  Note: including file:     C:\repos\Dawn-of-war-overdrive-performance\SDL3-3.2.4\include\SDL3/SDL_begin_code.h
  Note: including file:     C:\repos\Dawn-of-war-overdrive-performance\SDL3-3.2.4\include\SDL3/SDL_close_code.h
  Note: including file:    C:\repos\Dawn-of-war-overdrive-performance\SDL3-3.2.4\include\SDL3/SDL_begin_code.h
  Note: including file:    C:\repos\Dawn-of-war-overdrive-performance\SDL3-3.2.4\include\SDL3/SDL_close_code.h
  Note: including file:   C:\repos\Dawn-of-war-overdrive-performance\SDL3-3.2.4\include\SDL3/SDL_begin_code.h
  Note: including file:   C:\repos\Dawn-of-war-overdrive-performance\SDL3-3.2.4\include\SDL3/SDL_close_code.h
  Note: including file:  C:\repos\Dawn-of-war-overdrive-performance\SDL3-3.2.4\include\SDL3/SDL_clipboard.h
  Note: including file:   C:\repos\Dawn-of-war-overdrive-performance\SDL3-3.2.4\include\SDL3/SDL_begin_code.h
  Note: including file:   C:\repos\Dawn-of-war-overdrive-performance\SDL3-3.2.4\include\SDL3/SDL_close_code.h
  Note: including file:  C:\repos\Dawn-of-war-overdrive-performance\SDL3-3.2.4\include\SDL3/SDL_cpuinfo.h
  Note: including file:   C:\repos\Dawn-of-war-overdrive-performance\SDL3-3.2.4\include\SDL3/SDL_begin_code.h
  Note: including file:   C:\repos\Dawn-of-war-overdrive-performance\SDL3-3.2.4\include\SDL3/SDL_close_code.h
  Note: including file:  C:\repos\Dawn-of-war-overdrive-performance\SDL3-3.2.4\include\SDL3/SDL_dialog.h
  Note: including file:   C:\repos\Dawn-of-war-overdrive-performance\SDL3-3.2.4\include\SDL3/SDL_video.h
  Note: including file:    C:\repos\Dawn-of-war-overdrive-performance\SDL3-3.2.4\include\SDL3/SDL_begin_code.h
  Note: including file:    C:\repos\Dawn-of-war-overdrive-performance\SDL3-3.2.4\include\SDL3/SDL_close_code.h
  Note: including file:   C:\repos\Dawn-of-war-overdrive-performance\SDL3-3.2.4\include\SDL3/SDL_begin_code.h
  Note: including file:   C:\repos\Dawn-of-war-overdrive-performance\SDL3-3.2.4\include\SDL3/SDL_close_code.h
  Note: including file:  C:\repos\Dawn-of-war-overdrive-performance\SDL3-3.2.4\include\SDL3/SDL_events.h
  Note: including file:   C:\repos\Dawn-of-war-overdrive-performance\SDL3-3.2.4\include\SDL3/SDL_gamepad.h
  Note: including file:    C:\repos\Dawn-of-war-overdrive-performance\SDL3-3.2.4\include\SDL3/SDL_guid.h
  Note: including file:     C:\repos\Dawn-of-war-overdrive-performance\SDL3-3.2.4\include\SDL3/SDL_begin_code.h
  Note: including file:     C:\repos\Dawn-of-war-overdrive-performance\SDL3-3.2.4\include\SDL3/SDL_close_code.h
  Note: including file:    C:\repos\Dawn-of-war-overdrive-performance\SDL3-3.2.4\include\SDL3/SDL_joystick.h
  Note: including file:     C:\repos\Dawn-of-war-overdrive-performance\SDL3-3.2.4\include\SDL3/SDL_power.h
  Note: including file:      C:\repos\Dawn-of-war-overdrive-performance\SDL3-3.2.4\include\SDL3/SDL_begin_code.h
  Note: including file:      C:\repos\Dawn-of-war-overdrive-performance\SDL3-3.2.4\include\SDL3/SDL_close_code.h
  Note: including file:     C:\repos\Dawn-of-war-overdrive-performance\SDL3-3.2.4\include\SDL3/SDL_sensor.h
  Note: including file:      C:\repos\Dawn-of-war-overdrive-performance\SDL3-3.2.4\include\SDL3/SDL_begin_code.h
  Note: including file:      C:\repos\Dawn-of-war-overdrive-performance\SDL3-3.2.4\include\SDL3/SDL_close_code.h
  Note: including file:     C:\repos\Dawn-of-war-overdrive-performance\SDL3-3.2.4\include\SDL3/SDL_begin_code.h
  Note: including file:     C:\repos\Dawn-of-war-overdrive-performance\SDL3-3.2.4\include\SDL3/SDL_close_code.h
  Note: including file:    C:\repos\Dawn-of-war-overdrive-performance\SDL3-3.2.4\include\SDL3/SDL_begin_code.h
  Note: including file:    C:\repos\Dawn-of-war-overdrive-performance\SDL3-3.2.4\include\SDL3/SDL_close_code.h
  Note: including file:   C:\repos\Dawn-of-war-overdrive-performance\SDL3-3.2.4\include\SDL3/SDL_keyboard.h
  Note: including file:    C:\repos\Dawn-of-war-overdrive-performance\SDL3-3.2.4\include\SDL3/SDL_keycode.h
  Note: including file:     C:\repos\Dawn-of-war-overdrive-performance\SDL3-3.2.4\include\SDL3/SDL_scancode.h
  Note: including file:    C:\repos\Dawn-of-war-overdrive-performance\SDL3-3.2.4\include\SDL3/SDL_begin_code.h
  Note: including file:    C:\repos\Dawn-of-war-overdrive-performance\SDL3-3.2.4\include\SDL3/SDL_close_code.h
  Note: including file:   C:\repos\Dawn-of-war-overdrive-performance\SDL3-3.2.4\include\SDL3/SDL_mouse.h
  Note: including file:    C:\repos\Dawn-of-war-overdrive-performance\SDL3-3.2.4\include\SDL3/SDL_begin_code.h
  Note: including file:    C:\repos\Dawn-of-war-overdrive-performance\SDL3-3.2.4\include\SDL3/SDL_close_code.h
  Note: including file:   C:\repos\Dawn-of-war-overdrive-performance\SDL3-3.2.4\include\SDL3/SDL_pen.h
  Note: including file:    C:\repos\Dawn-of-war-overdrive-performance\SDL3-3.2.4\include\SDL3/SDL_touch.h
  Note: including file:     C:\repos\Dawn-of-war-overdrive-performance\SDL3-3.2.4\include\SDL3/SDL_begin_code.h
  Note: including file:     C:\repos\Dawn-of-war-overdrive-performance\SDL3-3.2.4\include\SDL3/SDL_close_code.h
  Note: including file:   C:\repos\Dawn-of-war-overdrive-performance\SDL3-3.2.4\include\SDL3/SDL_begin_code.h
  Note: including file:   C:\repos\Dawn-of-war-overdrive-performance\SDL3-3.2.4\include\SDL3/SDL_close_code.h
  Note: including file:  C:\repos\Dawn-of-war-overdrive-performance\SDL3-3.2.4\include\SDL3/SDL_filesystem.h
  Note: including file:   C:\repos\Dawn-of-war-overdrive-performance\SDL3-3.2.4\include\SDL3/SDL_begin_code.h
  Note: including file:   C:\repos\Dawn-of-war-overdrive-performance\SDL3-3.2.4\include\SDL3/SDL_close_code.h
  Note: including file:  C:\repos\Dawn-of-war-overdrive-performance\SDL3-3.2.4\include\SDL3/SDL_gpu.h
  Note: including file:   C:\repos\Dawn-of-war-overdrive-performance\SDL3-3.2.4\include\SDL3/SDL_begin_code.h
  Note: including file:   C:\repos\Dawn-of-war-overdrive-performance\SDL3-3.2.4\include\SDL3/SDL_close_code.h
  Note: including file:  C:\repos\Dawn-of-war-overdrive-performance\SDL3-3.2.4\include\SDL3/SDL_haptic.h
  Note: including file:   C:\repos\Dawn-of-war-overdrive-performance\SDL3-3.2.4\include\SDL3/SDL_begin_code.h
  Note: including file:   C:\repos\Dawn-of-war-overdrive-performance\SDL3-3.2.4\include\SDL3/SDL_close_code.h
  Note: including file:  C:\repos\Dawn-of-war-overdrive-performance\SDL3-3.2.4\include\SDL3/SDL_hidapi.h
  Note: including file:   C:\repos\Dawn-of-war-overdrive-performance\SDL3-3.2.4\include\SDL3/SDL_begin_code.h
  Note: including file:   C:\repos\Dawn-of-war-overdrive-performance\SDL3-3.2.4\include\SDL3/SDL_close_code.h
  Note: including file:  C:\repos\Dawn-of-war-overdrive-performance\SDL3-3.2.4\include\SDL3/SDL_hints.h
  Note: including file:   C:\repos\Dawn-of-war-overdrive-performance\SDL3-3.2.4\include\SDL3/SDL_begin_code.h
  Note: including file:   C:\repos\Dawn-of-war-overdrive-performance\SDL3-3.2.4\include\SDL3/SDL_close_code.h
  Note: including file:  C:\repos\Dawn-of-war-overdrive-performance\SDL3-3.2.4\include\SDL3/SDL_init.h
  Note: including file:   C:\repos\Dawn-of-war-overdrive-performance\SDL3-3.2.4\include\SDL3/SDL_begin_code.h
  Note: including file:   C:\repos\Dawn-of-war-overdrive-performance\SDL3-3.2.4\include\SDL3/SDL_close_code.h
  Note: including file:  C:\repos\Dawn-of-war-overdrive-performance\SDL3-3.2.4\include\SDL3/SDL_loadso.h
  Note: including file:   C:\repos\Dawn-of-war-overdrive-performance\SDL3-3.2.4\include\SDL3/SDL_begin_code.h
  Note: including file:   C:\repos\Dawn-of-war-overdrive-performance\SDL3-3.2.4\include\SDL3/SDL_close_code.h
  Note: including file:  C:\repos\Dawn-of-war-overdrive-performance\SDL3-3.2.4\include\SDL3/SDL_locale.h
  Note: including file:   C:\repos\Dawn-of-war-overdrive-performance\SDL3-3.2.4\include\SDL3/SDL_begin_code.h
  Note: including file:   C:\repos\Dawn-of-war-overdrive-performance\SDL3-3.2.4\include\SDL3/SDL_close_code.h
  Note: including file:  C:\repos\Dawn-of-war-overdrive-performance\SDL3-3.2.4\include\SDL3/SDL_log.h
  Note: including file:   C:\repos\Dawn-of-war-overdrive-performance\SDL3-3.2.4\include\SDL3/SDL_begin_code.h
  Note: including file:   C:\repos\Dawn-of-war-overdrive-performance\SDL3-3.2.4\include\SDL3/SDL_close_code.h
  Note: including file:  C:\repos\Dawn-of-war-overdrive-performance\SDL3-3.2.4\include\SDL3/SDL_messagebox.h
  Note: including file:   C:\repos\Dawn-of-war-overdrive-performance\SDL3-3.2.4\include\SDL3/SDL_begin_code.h
  Note: including file:   C:\repos\Dawn-of-war-overdrive-performance\SDL3-3.2.4\include\SDL3/SDL_close_code.h
  Note: including file:  C:\repos\Dawn-of-war-overdrive-performance\SDL3-3.2.4\include\SDL3/SDL_metal.h
  Note: including file:   C:\repos\Dawn-of-war-overdrive-performance\SDL3-3.2.4\include\SDL3/SDL_begin_code.h
  Note: including file:   C:\repos\Dawn-of-war-overdrive-performance\SDL3-3.2.4\include\SDL3/SDL_close_code.h
  Note: including file:  C:\repos\Dawn-of-war-overdrive-performance\SDL3-3.2.4\include\SDL3/SDL_misc.h
  Note: including file:   C:\repos\Dawn-of-war-overdrive-performance\SDL3-3.2.4\include\SDL3/SDL_begin_code.h
  Note: including file:   C:\repos\Dawn-of-war-overdrive-performance\SDL3-3.2.4\include\SDL3/SDL_close_code.h
  Note: including file:  C:\repos\Dawn-of-war-overdrive-performance\SDL3-3.2.4\include\SDL3/SDL_platform.h
  Note: including file:   C:\repos\Dawn-of-war-overdrive-performance\SDL3-3.2.4\include\SDL3/SDL_begin_code.h
  Note: including file:   C:\repos\Dawn-of-war-overdrive-performance\SDL3-3.2.4\include\SDL3/SDL_close_code.h
  Note: including file:  C:\repos\Dawn-of-war-overdrive-performance\SDL3-3.2.4\include\SDL3/SDL_process.h
  Note: including file:   C:\repos\Dawn-of-war-overdrive-performance\SDL3-3.2.4\include\SDL3/SDL_begin_code.h
  Note: including file:   C:\repos\Dawn-of-war-overdrive-performance\SDL3-3.2.4\include\SDL3/SDL_close_code.h
  Note: including file:  C:\repos\Dawn-of-war-overdrive-performance\SDL3-3.2.4\include\SDL3/SDL_render.h
  Note: including file:   C:\repos\Dawn-of-war-overdrive-performance\SDL3-3.2.4\include\SDL3/SDL_begin_code.h
  Note: including file:   C:\repos\Dawn-of-war-overdrive-performance\SDL3-3.2.4\include\SDL3/SDL_close_code.h
  Note: including file:  C:\repos\Dawn-of-war-overdrive-performance\SDL3-3.2.4\include\SDL3/SDL_storage.h
  Note: including file:   C:\repos\Dawn-of-war-overdrive-performance\SDL3-3.2.4\include\SDL3/SDL_begin_code.h
  Note: including file:   C:\repos\Dawn-of-war-overdrive-performance\SDL3-3.2.4\include\SDL3/SDL_close_code.h
  Note: including file:  C:\repos\Dawn-of-war-overdrive-performance\SDL3-3.2.4\include\SDL3/SDL_system.h
  Note: including file:   C:\repos\Dawn-of-war-overdrive-performance\SDL3-3.2.4\include\SDL3/SDL_begin_code.h
  Note: including file:   C:\repos\Dawn-of-war-overdrive-performance\SDL3-3.2.4\include\SDL3/SDL_close_code.h
  Note: including file:  C:\repos\Dawn-of-war-overdrive-performance\SDL3-3.2.4\include\SDL3/SDL_time.h
  Note: including file:   C:\repos\Dawn-of-war-overdrive-performance\SDL3-3.2.4\include\SDL3/SDL_begin_code.h
  Note: including file:   C:\repos\Dawn-of-war-overdrive-performance\SDL3-3.2.4\include\SDL3/SDL_close_code.h
  Note: including file:  C:\repos\Dawn-of-war-overdrive-performance\SDL3-3.2.4\include\SDL3/SDL_timer.h
  Note: including file:   C:\repos\Dawn-of-war-overdrive-performance\SDL3-3.2.4\include\SDL3/SDL_begin_code.h
  Note: including file:   C:\repos\Dawn-of-war-overdrive-performance\SDL3-3.2.4\include\SDL3/SDL_close_code.h
  Note: including file:  C:\repos\Dawn-of-war-overdrive-performance\SDL3-3.2.4\include\SDL3/SDL_tray.h
  Note: including file:   C:\repos\Dawn-of-war-overdrive-performance\SDL3-3.2.4\include\SDL3/SDL_begin_code.h
  Note: including file:   C:\repos\Dawn-of-war-overdrive-performance\SDL3-3.2.4\include\SDL3/SDL_close_code.h
  Note: including file:  C:\repos\Dawn-of-war-overdrive-performance\SDL3-3.2.4\include\SDL3/SDL_version.h
  Note: including file:   C:\repos\Dawn-of-war-overdrive-performance\SDL3-3.2.4\include\SDL3/SDL_begin_code.h
  Note: including file:   C:\repos\Dawn-of-war-overdrive-performance\SDL3-3.2.4\include\SDL3/SDL_close_code.h
  Note: including file:  C:\repos\Dawn-of-war-overdrive-performance\SDL3-3.2.4\include\SDL3/SDL_oldnames.h
  Note: including file: C:\repos\Dawn-of-war-overdrive-performance\SDL3-3.2.4\include\SDL3/SDL_vulkan.h
  Note: including file:  C:\repos\Dawn-of-war-overdrive-performance\SDL3-3.2.4\include\SDL3/SDL_begin_code.h
  Note: including file:  C:\repos\Dawn-of-war-overdrive-performance\SDL3-3.2.4\include\SDL3/SDL_close_code.h
  Note: including file: C:\VulkanSDK\1.4.304.1\Include\vulkan/vulkan.h
  Note: including file:  C:\VulkanSDK\1.4.304.1\Include\vulkan\vk_platform.h
  Note: including file:   C:\Program Files (x86)\Windows Kits\10\Include\10.0.22621.0\ucrt\stddef.h
  Note: including file:  C:\VulkanSDK\1.4.304.1\Include\vulkan\vulkan_core.h
  Note: including file:   C:\VulkanSDK\1.4.304.1\Include\vk_video/vulkan_video_codec_h264std.h
  Note: including file:    C:\VulkanSDK\1.4.304.1\Include\vk_video\vulkan_video_codecs_common.h
  Note: including file:   C:\VulkanSDK\1.4.304.1\Include\vk_video/vulkan_video_codec_h264std_encode.h
  Note: including file:   C:\VulkanSDK\1.4.304.1\Include\vk_video/vulkan_video_codec_h265std.h
  Note: including file:   C:\VulkanSDK\1.4.304.1\Include\vk_video/vulkan_video_codec_h265std_encode.h
  Note: including file:   C:\VulkanSDK\1.4.304.1\Include\vk_video/vulkan_video_codec_h264std_decode.h
  Note: including file:   C:\VulkanSDK\1.4.304.1\Include\vk_video/vulkan_video_codec_h265std_decode.h
  Note: including file:   C:\VulkanSDK\1.4.304.1\Include\vk_video/vulkan_video_codec_av1std.h
  Note: including file:   C:\VulkanSDK\1.4.304.1\Include\vk_video/vulkan_video_codec_av1std_decode.h
  Note: including file:   C:\VulkanSDK\1.4.304.1\Include\vk_video/vulkan_video_codec_av1std_encode.h
  Note: including file: C:\repos\Dawn-of-war-overdrive-performance\GDI HOOKING DLL\ThreadSafeQueue.h
  Note: including file:  C:\Program Files\Microsoft Visual Studio\2022\Community\VC\Tools\MSVC\14.36.32532\include\queue
  Note: including file:   C:\Program Files\Microsoft Visual Studio\2022\Community\VC\Tools\MSVC\14.36.32532\include\yvals_core.h
  Note: including file:    C:\Program Files\Microsoft Visual Studio\2022\Community\VC\Tools\MSVC\14.36.32532\include\xkeycheck.h
  Note: including file:   C:\Program Files\Microsoft Visual Studio\2022\Community\VC\Tools\MSVC\14.36.32532\include\algorithm
  Note: including file:    C:\Program Files\Microsoft Visual Studio\2022\Community\VC\Tools\MSVC\14.36.32532\include\xmemory
  Note: including file:     C:\Program Files\Microsoft Visual Studio\2022\Community\VC\Tools\MSVC\14.36.32532\include\cstdint
  Note: including file:     C:\Program Files\Microsoft Visual Studio\2022\Community\VC\Tools\MSVC\14.36.32532\include\cstdlib
  Note: including file:      C:\Program Files (x86)\Windows Kits\10\Include\10.0.22621.0\ucrt\math.h
  Note: including file:      C:\Program Files (x86)\Windows Kits\10\Include\10.0.22621.0\ucrt\stdlib.h
  Note: including file:       C:\Program Files (x86)\Windows Kits\10\Include\10.0.22621.0\ucrt\corecrt_search.h
  Note: including file:       C:\Program Files\Microsoft Visual Studio\2022\Community\VC\Tools\MSVC\14.36.32532\include\limits.h
  Note: including file:     C:\Program Files\Microsoft Visual Studio\2022\Community\VC\Tools\MSVC\14.36.32532\include\limits
  Note: including file:      C:\Program Files\Microsoft Visual Studio\2022\Community\VC\Tools\MSVC\14.36.32532\include\cfloat
  Note: including file:       C:\Program Files (x86)\Windows Kits\10\Include\10.0.22621.0\ucrt\float.h
  Note: including file:      C:\Program Files\Microsoft Visual Studio\2022\Community\VC\Tools\MSVC\14.36.32532\include\climits
  Note: including file:      C:\Program Files\Microsoft Visual Studio\2022\Community\VC\Tools\MSVC\14.36.32532\include\cwchar
  Note: including file:       C:\Program Files\Microsoft Visual Studio\2022\Community\VC\Tools\MSVC\14.36.32532\include\cstdio
  Note: including file:        C:\Program Files (x86)\Windows Kits\10\Include\10.0.22621.0\ucrt\stdio.h
  Note: including file:      C:\Program Files\Microsoft Visual Studio\2022\Community\VC\Tools\MSVC\14.36.32532\include\intrin0.h
  Note: including file:      C:\Program Files\Microsoft Visual Studio\2022\Community\VC\Tools\MSVC\14.36.32532\include\isa_availability.h
  Note: including file:      C:\Program Files\Microsoft Visual Studio\2022\Community\VC\Tools\MSVC\14.36.32532\include\xstddef
  Note: including file:       C:\Program Files\Microsoft Visual Studio\2022\Community\VC\Tools\MSVC\14.36.32532\include\cstddef
  Note: including file:        C:\Program Files\Microsoft Visual Studio\2022\Community\VC\Tools\MSVC\14.36.32532\include\xtr1common
  Note: including file:       C:\Program Files\Microsoft Visual Studio\2022\Community\VC\Tools\MSVC\14.36.32532\include\initializer_list
  Note: including file:     C:\Program Files\Microsoft Visual Studio\2022\Community\VC\Tools\MSVC\14.36.32532\include\new
  Note: including file:      C:\Program Files\Microsoft Visual Studio\2022\Community\VC\Tools\MSVC\14.36.32532\include\exception
  Note: including file:       C:\Program Files\Microsoft Visual Studio\2022\Community\VC\Tools\MSVC\14.36.32532\include\yvals.h
  Note: including file:        C:\Program Files (x86)\Windows Kits\10\Include\10.0.22621.0\ucrt\crtdbg.h
  Note: including file:         C:\Program Files\Microsoft Visual Studio\2022\Community\VC\Tools\MSVC\14.36.32532\include\vcruntime_new_debug.h
  Note: including file:          C:\Program Files\Microsoft Visual Studio\2022\Community\VC\Tools\MSVC\14.36.32532\include\vcruntime_new.h
  Note: including file:        C:\Program Files\Microsoft Visual Studio\2022\Community\VC\Tools\MSVC\14.36.32532\include\crtdefs.h
  Note: including file:        C:\Program Files\Microsoft Visual Studio\2022\Community\VC\Tools\MSVC\14.36.32532\include\use_ansi.h
  Note: including file:       C:\Program Files\Microsoft Visual Studio\2022\Community\VC\Tools\MSVC\14.36.32532\include\type_traits
  Note: including file:       C:\Program Files\Microsoft Visual Studio\2022\Community\VC\Tools\MSVC\14.36.32532\include\vcruntime_exception.h
  Note: including file:        C:\Program Files\Microsoft Visual Studio\2022\Community\VC\Tools\MSVC\14.36.32532\include\eh.h
  Note: including file:         C:\Program Files (x86)\Windows Kits\10\Include\10.0.22621.0\ucrt\corecrt_terminate.h
  Note: including file:     C:\Program Files\Microsoft Visual Studio\2022\Community\VC\Tools\MSVC\14.36.32532\include\xatomic.h
  Note: including file:     C:\Program Files\Microsoft Visual Studio\2022\Community\VC\Tools\MSVC\14.36.32532\include\xutility
  Note: including file:      C:\Program Files\Microsoft Visual Studio\2022\Community\VC\Tools\MSVC\14.36.32532\include\__msvc_iter_core.hpp
  Note: including file:       C:\Program Files\Microsoft Visual Studio\2022\Community\VC\Tools\MSVC\14.36.32532\include\utility
  Note: including file:      C:\Program Files\Microsoft Visual Studio\2022\Community\VC\Tools\MSVC\14.36.32532\include\cstring
  Note: including file:   C:\Program Files\Microsoft Visual Studio\2022\Community\VC\Tools\MSVC\14.36.32532\include\deque
  Note: including file:   C:\Program Files\Microsoft Visual Studio\2022\Community\VC\Tools\MSVC\14.36.32532\include\vector
  Note: including file:    C:\Program Files\Microsoft Visual Studio\2022\Community\VC\Tools\MSVC\14.36.32532\include\__msvc_sanitizer_annotate_container.hpp
  Note: including file:  C:\Program Files\Microsoft Visual Studio\2022\Community\VC\Tools\MSVC\14.36.32532\include\mutex
  Note: including file:   C:\Program Files\Microsoft Visual Studio\2022\Community\VC\Tools\MSVC\14.36.32532\include\__msvc_chrono.hpp
  Note: including file:    C:\Program Files\Microsoft Visual Studio\2022\Community\VC\Tools\MSVC\14.36.32532\include\ctime
  Note: including file:     C:\Program Files (x86)\Windows Kits\10\Include\10.0.22621.0\ucrt\time.h
  Note: including file:    C:\Program Files\Microsoft Visual Studio\2022\Community\VC\Tools\MSVC\14.36.32532\include\ratio
  Note: including file:    C:\Program Files\Microsoft Visual Studio\2022\Community\VC\Tools\MSVC\14.36.32532\include\xtimec.h
  Note: including file:   C:\Program Files\Microsoft Visual Studio\2022\Community\VC\Tools\MSVC\14.36.32532\include\system_error
  Note: including file:    C:\Program Files\Microsoft Visual Studio\2022\Community\VC\Tools\MSVC\14.36.32532\include\__msvc_system_error_abi.hpp
  Note: including file:    C:\Program Files\Microsoft Visual Studio\2022\Community\VC\Tools\MSVC\14.36.32532\include\cerrno
  Note: including file:    C:\Program Files\Microsoft Visual Studio\2022\Community\VC\Tools\MSVC\14.36.32532\include\stdexcept
  Note: including file:     C:\Program Files\Microsoft Visual Studio\2022\Community\VC\Tools\MSVC\14.36.32532\include\xstring
  Note: including file:      C:\Program Files\Microsoft Visual Studio\2022\Community\VC\Tools\MSVC\14.36.32532\include\iosfwd
  Note: including file:    C:\Program Files\Microsoft Visual Studio\2022\Community\VC\Tools\MSVC\14.36.32532\include\xcall_once.h
  Note: including file:    C:\Program Files\Microsoft Visual Studio\2022\Community\VC\Tools\MSVC\14.36.32532\include\xerrc.h
  Note: including file:    C:\Program Files\Microsoft Visual Studio\2022\Community\VC\Tools\MSVC\14.36.32532\include\atomic
  Note: including file:     C:\Program Files\Microsoft Visual Studio\2022\Community\VC\Tools\MSVC\14.36.32532\include\xthreads.h
  Note: including file:   C:\Program Files\Microsoft Visual Studio\2022\Community\VC\Tools\MSVC\14.36.32532\include\thread
  Note: including file:    C:\Program Files\Microsoft Visual Studio\2022\Community\VC\Tools\MSVC\14.36.32532\include\memory
  Note: including file:     C:\Program Files\Microsoft Visual Studio\2022\Community\VC\Tools\MSVC\14.36.32532\include\typeinfo
  Note: including file:      C:\Program Files\Microsoft Visual Studio\2022\Community\VC\Tools\MSVC\14.36.32532\include\vcruntime_typeinfo.h
  Note: including file:    C:\Program Files\Microsoft Visual Studio\2022\Community\VC\Tools\MSVC\14.36.32532\include\tuple
  Note: including file:  C:\repos\Dawn-of-war-overdrive-performance\GDI HOOKING DLL\RenderRequest.h
  Note: including file: C:\repos\Dawn-of-war-overdrive-performance\GDI HOOKING DLL\SDLThread.h
C:\repos\Dawn-of-war-overdrive-performance\GDI HOOKING DLL\SDLThread.cpp(57,25): warning C4101: 'textureImage': unreferenced local variable
C:\repos\Dawn-of-war-overdrive-performance\GDI HOOKING DLL\SDLThread.cpp(58,32): warning C4101: 'textureMemory': unreferenced local variable
SDLThread.obj : error LNK2005: _SDLThread@4 already defined in dllmain.obj
     Creating library C:\repos\Dawn-of-war-overdrive-performance\\Output\GDI AND RENDER\GDI HOOKING DLL.lib and object C:\repos\Dawn-of-war-overdrive-performance\\Output\GDI AND RENDER\GDI HOOKING DLL.exp
dllmain.obj : error LNK2001: unresolved external symbol _vkCreateInstance@12
dllmain.obj : error LNK2001: unresolved external symbol _vkDestroyInstance@8
dllmain.obj : error LNK2001: unresolved external symbol _vkEnumeratePhysicalDevices@12
dllmain.obj : error LNK2001: unresolved external symbol _vkDestroySurfaceKHR@16
dllmain.obj : error LNK2001: unresolved external symbol _vkCreateDevice@16
dllmain.obj : error LNK2001: unresolved external symbol _vkGetDeviceQueue@16
dllmain.obj : error LNK2001: unresolved external symbol _vkDestroySwapchainKHR@16
dllmain.obj : error LNK2001: unresolved external symbol _vkDestroyDevice@8
C:\repos\Dawn-of-war-overdrive-performance\\Output\GDI AND RENDER\GDI HOOKING DLL.dll : fatal error LNK1120: 8 unresolved externals
